// Jest Snapshot v1, https://jestjs.io/docs/snapshot-testing

exports[`Scribing Scribing.create can optionally use a canvas for rendering instead of SVG 1`] = `
CanvasRenderingContext2D {
  "_canvas": <canvas
    height="200"
    width="200"
  />,
  "_clipIndex": 1,
  "_clipStack": [
    [],
  ],
  "_directionStack": [
    "inherit",
  ],
  "_drawCalls": [
    {
      "props": {
        "height": 200,
        "width": 200,
        "x": 0,
        "y": 0,
      },
      "transform": [
        1,
        0,
        0,
        1,
        0,
        0,
      ],
      "type": "clearRect",
    },
    {
      "props": {
        "path": [
          {
            "props": {},
            "transform": [
              0.17578125,
              0,
              0,
              -0.17578125,
              10,
              168.203125,
            ],
            "type": "beginPath",
          },
          {
            "props": {
              "x": 423.7609549522482,
              "y": 816.5651012649424,
            },
            "transform": [
              0.17578125,
              0,
              0,
              -0.17578125,
              10,
              168.203125,
            ],
            "type": "moveTo",
          },
          {
            "props": {
              "x": 508,
              "y": 702,
            },
            "transform": [
              0.17578125,
              0,
              0,
              -0.17578125,
              10,
              168.203125,
            ],
            "type": "lineTo",
          },
          {
            "props": {
              "x": 511,
              "y": 678,
            },
            "transform": [
              0.17578125,
              0,
              0,
              -0.17578125,
              10,
              168.203125,
            ],
            "type": "lineTo",
          },
          {
            "props": {
              "x": 473,
              "y": 552,
            },
            "transform": [
              0.17578125,
              0,
              0,
              -0.17578125,
              10,
              168.203125,
            ],
            "type": "lineTo",
          },
          {
            "props": {
              "x": 408,
              "y": 416,
            },
            "transform": [
              0.17578125,
              0,
              0,
              -0.17578125,
              10,
              168.203125,
            ],
            "type": "lineTo",
          },
          {
            "props": {
              "x": 328,
              "y": 303,
            },
            "transform": [
              0.17578125,
              0,
              0,
              -0.17578125,
              10,
              168.203125,
            ],
            "type": "lineTo",
          },
          {
            "props": {
              "x": 271,
              "y": 244,
            },
            "transform": [
              0.17578125,
              0,
              0,
              -0.17578125,
              10,
              168.203125,
            ],
            "type": "lineTo",
          },
          {
            "props": {
              "x": 144,
              "y": 139,
            },
            "transform": [
              0.17578125,
              0,
              0,
              -0.17578125,
              10,
              168.203125,
            ],
            "type": "lineTo",
          },
          {
            "props": {
              "x": 72,
              "y": 95,
            },
            "transform": [
              0.17578125,
              0,
              0,
              -0.17578125,
              10,
              168.203125,
            ],
            "type": "lineTo",
          },
        ],
      },
      "transform": [
        0.17578125,
        0,
        0,
        -0.17578125,
        10,
        168.203125,
      ],
      "type": "stroke",
    },
    {
      "props": {
        "path": [
          {
            "props": {},
            "transform": [
              0.17578125,
              0,
              0,
              -0.17578125,
              10,
              168.203125,
            ],
            "type": "beginPath",
          },
          {
            "props": {
              "x": 457.56010126946427,
              "y": 575.6393923832144,
            },
            "transform": [
              0.17578125,
              0,
              0,
              -0.17578125,
              10,
              168.203125,
            ],
            "type": "moveTo",
          },
          {
            "props": {
              "x": 477,
              "y": 459,
            },
            "transform": [
              0.17578125,
              0,
              0,
              -0.17578125,
              10,
              168.203125,
            ],
            "type": "lineTo",
          },
          {
            "props": {
              "x": 490,
              "y": 439,
            },
            "transform": [
              0.17578125,
              0,
              0,
              -0.17578125,
              10,
              168.203125,
            ],
            "type": "lineTo",
          },
          {
            "props": {
              "x": 571,
              "y": 333,
            },
            "transform": [
              0.17578125,
              0,
              0,
              -0.17578125,
              10,
              168.203125,
            ],
            "type": "lineTo",
          },
          {
            "props": {
              "x": 691,
              "y": 200,
            },
            "transform": [
              0.17578125,
              0,
              0,
              -0.17578125,
              10,
              168.203125,
            ],
            "type": "lineTo",
          },
          {
            "props": {
              "x": 753,
              "y": 145,
            },
            "transform": [
              0.17578125,
              0,
              0,
              -0.17578125,
              10,
              168.203125,
            ],
            "type": "lineTo",
          },
          {
            "props": {
              "x": 798,
              "y": 119,
            },
            "transform": [
              0.17578125,
              0,
              0,
              -0.17578125,
              10,
              168.203125,
            ],
            "type": "lineTo",
          },
          {
            "props": {
              "x": 986,
              "y": 90,
            },
            "transform": [
              0.17578125,
              0,
              0,
              -0.17578125,
              10,
              168.203125,
            ],
            "type": "lineTo",
          },
        ],
      },
      "transform": [
        0.17578125,
        0,
        0,
        -0.17578125,
        10,
        168.203125,
      ],
      "type": "stroke",
    },
    {
      "props": {
        "path": [
          {
            "props": {},
            "transform": [
              0.17578125,
              0,
              0,
              -0.17578125,
              10,
              168.203125,
            ],
            "type": "beginPath",
          },
          {
            "props": {
              "x": 423.7609549522482,
              "y": 816.5651012649424,
            },
            "transform": [
              0.17578125,
              0,
              0,
              -0.17578125,
              10,
              168.203125,
            ],
            "type": "moveTo",
          },
          {
            "props": {
              "x": 508,
              "y": 702,
            },
            "transform": [
              0.17578125,
              0,
              0,
              -0.17578125,
              10,
              168.203125,
            ],
            "type": "lineTo",
          },
          {
            "props": {
              "x": 511,
              "y": 678,
            },
            "transform": [
              0.17578125,
              0,
              0,
              -0.17578125,
              10,
              168.203125,
            ],
            "type": "lineTo",
          },
          {
            "props": {
              "x": 473,
              "y": 552,
            },
            "transform": [
              0.17578125,
              0,
              0,
              -0.17578125,
              10,
              168.203125,
            ],
            "type": "lineTo",
          },
          {
            "props": {
              "x": 408,
              "y": 416,
            },
            "transform": [
              0.17578125,
              0,
              0,
              -0.17578125,
              10,
              168.203125,
            ],
            "type": "lineTo",
          },
          {
            "props": {
              "x": 328,
              "y": 303,
            },
            "transform": [
              0.17578125,
              0,
              0,
              -0.17578125,
              10,
              168.203125,
            ],
            "type": "lineTo",
          },
          {
            "props": {
              "x": 271,
              "y": 244,
            },
            "transform": [
              0.17578125,
              0,
              0,
              -0.17578125,
              10,
              168.203125,
            ],
            "type": "lineTo",
          },
          {
            "props": {
              "x": 144,
              "y": 139,
            },
            "transform": [
              0.17578125,
              0,
              0,
              -0.17578125,
              10,
              168.203125,
            ],
            "type": "lineTo",
          },
          {
            "props": {
              "x": 72,
              "y": 95,
            },
            "transform": [
              0.17578125,
              0,
              0,
              -0.17578125,
              10,
              168.203125,
            ],
            "type": "lineTo",
          },
        ],
      },
      "transform": [
        0.17578125,
        0,
        0,
        -0.17578125,
        10,
        168.203125,
      ],
      "type": "stroke",
    },
    {
      "props": {
        "path": [
          {
            "props": {},
            "transform": [
              0.17578125,
              0,
              0,
              -0.17578125,
              10,
              168.203125,
            ],
            "type": "beginPath",
          },
          {
            "props": {
              "x": 457.56010126946427,
              "y": 575.6393923832144,
            },
            "transform": [
              0.17578125,
              0,
              0,
              -0.17578125,
              10,
              168.203125,
            ],
            "type": "moveTo",
          },
          {
            "props": {
              "x": 477,
              "y": 459,
            },
            "transform": [
              0.17578125,
              0,
              0,
              -0.17578125,
              10,
              168.203125,
            ],
            "type": "lineTo",
          },
          {
            "props": {
              "x": 490,
              "y": 439,
            },
            "transform": [
              0.17578125,
              0,
              0,
              -0.17578125,
              10,
              168.203125,
            ],
            "type": "lineTo",
          },
          {
            "props": {
              "x": 571,
              "y": 333,
            },
            "transform": [
              0.17578125,
              0,
              0,
              -0.17578125,
              10,
              168.203125,
            ],
            "type": "lineTo",
          },
          {
            "props": {
              "x": 691,
              "y": 200,
            },
            "transform": [
              0.17578125,
              0,
              0,
              -0.17578125,
              10,
              168.203125,
            ],
            "type": "lineTo",
          },
          {
            "props": {
              "x": 753,
              "y": 145,
            },
            "transform": [
              0.17578125,
              0,
              0,
              -0.17578125,
              10,
              168.203125,
            ],
            "type": "lineTo",
          },
          {
            "props": {
              "x": 798,
              "y": 119,
            },
            "transform": [
              0.17578125,
              0,
              0,
              -0.17578125,
              10,
              168.203125,
            ],
            "type": "lineTo",
          },
          {
            "props": {
              "x": 986,
              "y": 90,
            },
            "transform": [
              0.17578125,
              0,
              0,
              -0.17578125,
              10,
              168.203125,
            ],
            "type": "lineTo",
          },
        ],
      },
      "transform": [
        0.17578125,
        0,
        0,
        -0.17578125,
        10,
        168.203125,
      ],
      "type": "stroke",
    },
  ],
  "_events": [
    {
      "props": {
        "height": 200,
        "width": 200,
        "x": 0,
        "y": 0,
      },
      "transform": [
        1,
        0,
        0,
        1,
        0,
        0,
      ],
      "type": "clearRect",
    },
    {
      "props": {},
      "transform": [
        1,
        0,
        0,
        1,
        0,
        0,
      ],
      "type": "save",
    },
    {
      "props": {
        "x": 10,
        "y": 168.203125,
      },
      "transform": [
        1,
        0,
        0,
        1,
        10,
        168.203125,
      ],
      "type": "translate",
    },
    {
      "props": {
        "a": 1,
        "b": 0,
        "c": 0,
        "d": -1,
        "e": 0,
        "f": 0,
      },
      "transform": [
        1,
        0,
        0,
        -1,
        10,
        168.203125,
      ],
      "type": "transform",
    },
    {
      "props": {
        "x": 0.17578125,
        "y": 0.17578125,
      },
      "transform": [
        0.17578125,
        0,
        0,
        -0.17578125,
        10,
        168.203125,
      ],
      "type": "scale",
    },
    {
      "props": {},
      "transform": [
        0.17578125,
        0,
        0,
        -0.17578125,
        10,
        168.203125,
      ],
      "type": "save",
    },
    {
      "props": {
        "fillRule": "nonzero",
        "path": [],
      },
      "transform": [
        0.17578125,
        0,
        0,
        -0.17578125,
        10,
        168.203125,
      ],
      "type": "clip",
    },
    {
      "props": {
        "value": 1,
      },
      "transform": [
        0.17578125,
        0,
        0,
        -0.17578125,
        10,
        168.203125,
      ],
      "type": "globalAlpha",
    },
    {
      "props": {
        "value": "#dddddd",
      },
      "transform": [
        0.17578125,
        0,
        0,
        -0.17578125,
        10,
        168.203125,
      ],
      "type": "strokeStyle",
    },
    {
      "props": {
        "value": "#dddddd",
      },
      "transform": [
        0.17578125,
        0,
        0,
        -0.17578125,
        10,
        168.203125,
      ],
      "type": "fillStyle",
    },
    {
      "props": {
        "value": 200,
      },
      "transform": [
        0.17578125,
        0,
        0,
        -0.17578125,
        10,
        168.203125,
      ],
      "type": "lineWidth",
    },
    {
      "props": {
        "value": "round",
      },
      "transform": [
        0.17578125,
        0,
        0,
        -0.17578125,
        10,
        168.203125,
      ],
      "type": "lineCap",
    },
    {
      "props": {
        "value": "round",
      },
      "transform": [
        0.17578125,
        0,
        0,
        -0.17578125,
        10,
        168.203125,
      ],
      "type": "lineJoin",
    },
    {
      "props": {
        "segments": [
          918.3825419953906,
          918.3825419953906,
        ],
      },
      "transform": [
        0.17578125,
        0,
        0,
        -0.17578125,
        10,
        168.203125,
      ],
      "type": "setLineDash",
    },
    {
      "props": {
        "value": 0,
      },
      "transform": [
        0.17578125,
        0,
        0,
        -0.17578125,
        10,
        168.203125,
      ],
      "type": "lineDashOffset",
    },
    {
      "props": {},
      "transform": [
        0.17578125,
        0,
        0,
        -0.17578125,
        10,
        168.203125,
      ],
      "type": "beginPath",
    },
    {
      "props": {
        "x": 423.7609549522482,
        "y": 816.5651012649424,
      },
      "transform": [
        0.17578125,
        0,
        0,
        -0.17578125,
        10,
        168.203125,
      ],
      "type": "moveTo",
    },
    {
      "props": {
        "x": 508,
        "y": 702,
      },
      "transform": [
        0.17578125,
        0,
        0,
        -0.17578125,
        10,
        168.203125,
      ],
      "type": "lineTo",
    },
    {
      "props": {
        "x": 511,
        "y": 678,
      },
      "transform": [
        0.17578125,
        0,
        0,
        -0.17578125,
        10,
        168.203125,
      ],
      "type": "lineTo",
    },
    {
      "props": {
        "x": 473,
        "y": 552,
      },
      "transform": [
        0.17578125,
        0,
        0,
        -0.17578125,
        10,
        168.203125,
      ],
      "type": "lineTo",
    },
    {
      "props": {
        "x": 408,
        "y": 416,
      },
      "transform": [
        0.17578125,
        0,
        0,
        -0.17578125,
        10,
        168.203125,
      ],
      "type": "lineTo",
    },
    {
      "props": {
        "x": 328,
        "y": 303,
      },
      "transform": [
        0.17578125,
        0,
        0,
        -0.17578125,
        10,
        168.203125,
      ],
      "type": "lineTo",
    },
    {
      "props": {
        "x": 271,
        "y": 244,
      },
      "transform": [
        0.17578125,
        0,
        0,
        -0.17578125,
        10,
        168.203125,
      ],
      "type": "lineTo",
    },
    {
      "props": {
        "x": 144,
        "y": 139,
      },
      "transform": [
        0.17578125,
        0,
        0,
        -0.17578125,
        10,
        168.203125,
      ],
      "type": "lineTo",
    },
    {
      "props": {
        "x": 72,
        "y": 95,
      },
      "transform": [
        0.17578125,
        0,
        0,
        -0.17578125,
        10,
        168.203125,
      ],
      "type": "lineTo",
    },
    {
      "props": {
        "path": [
          {
            "props": {},
            "transform": [
              0.17578125,
              0,
              0,
              -0.17578125,
              10,
              168.203125,
            ],
            "type": "beginPath",
          },
          {
            "props": {
              "x": 423.7609549522482,
              "y": 816.5651012649424,
            },
            "transform": [
              0.17578125,
              0,
              0,
              -0.17578125,
              10,
              168.203125,
            ],
            "type": "moveTo",
          },
          {
            "props": {
              "x": 508,
              "y": 702,
            },
            "transform": [
              0.17578125,
              0,
              0,
              -0.17578125,
              10,
              168.203125,
            ],
            "type": "lineTo",
          },
          {
            "props": {
              "x": 511,
              "y": 678,
            },
            "transform": [
              0.17578125,
              0,
              0,
              -0.17578125,
              10,
              168.203125,
            ],
            "type": "lineTo",
          },
          {
            "props": {
              "x": 473,
              "y": 552,
            },
            "transform": [
              0.17578125,
              0,
              0,
              -0.17578125,
              10,
              168.203125,
            ],
            "type": "lineTo",
          },
          {
            "props": {
              "x": 408,
              "y": 416,
            },
            "transform": [
              0.17578125,
              0,
              0,
              -0.17578125,
              10,
              168.203125,
            ],
            "type": "lineTo",
          },
          {
            "props": {
              "x": 328,
              "y": 303,
            },
            "transform": [
              0.17578125,
              0,
              0,
              -0.17578125,
              10,
              168.203125,
            ],
            "type": "lineTo",
          },
          {
            "props": {
              "x": 271,
              "y": 244,
            },
            "transform": [
              0.17578125,
              0,
              0,
              -0.17578125,
              10,
              168.203125,
            ],
            "type": "lineTo",
          },
          {
            "props": {
              "x": 144,
              "y": 139,
            },
            "transform": [
              0.17578125,
              0,
              0,
              -0.17578125,
              10,
              168.203125,
            ],
            "type": "lineTo",
          },
          {
            "props": {
              "x": 72,
              "y": 95,
            },
            "transform": [
              0.17578125,
              0,
              0,
              -0.17578125,
              10,
              168.203125,
            ],
            "type": "lineTo",
          },
        ],
      },
      "transform": [
        0.17578125,
        0,
        0,
        -0.17578125,
        10,
        168.203125,
      ],
      "type": "stroke",
    },
    {
      "props": {},
      "transform": [
        0.17578125,
        0,
        0,
        -0.17578125,
        10,
        168.203125,
      ],
      "type": "restore",
    },
    {
      "props": {},
      "transform": [
        0.17578125,
        0,
        0,
        -0.17578125,
        10,
        168.203125,
      ],
      "type": "save",
    },
    {
      "props": {
        "fillRule": "nonzero",
        "path": [],
      },
      "transform": [
        0.17578125,
        0,
        0,
        -0.17578125,
        10,
        168.203125,
      ],
      "type": "clip",
    },
    {
      "props": {
        "value": 1,
      },
      "transform": [
        0.17578125,
        0,
        0,
        -0.17578125,
        10,
        168.203125,
      ],
      "type": "globalAlpha",
    },
    {
      "props": {
        "value": "#dddddd",
      },
      "transform": [
        0.17578125,
        0,
        0,
        -0.17578125,
        10,
        168.203125,
      ],
      "type": "strokeStyle",
    },
    {
      "props": {
        "value": "#dddddd",
      },
      "transform": [
        0.17578125,
        0,
        0,
        -0.17578125,
        10,
        168.203125,
      ],
      "type": "fillStyle",
    },
    {
      "props": {
        "value": 200,
      },
      "transform": [
        0.17578125,
        0,
        0,
        -0.17578125,
        10,
        168.203125,
      ],
      "type": "lineWidth",
    },
    {
      "props": {
        "value": "round",
      },
      "transform": [
        0.17578125,
        0,
        0,
        -0.17578125,
        10,
        168.203125,
      ],
      "type": "lineCap",
    },
    {
      "props": {
        "value": "round",
      },
      "transform": [
        0.17578125,
        0,
        0,
        -0.17578125,
        10,
        168.203125,
      ],
      "type": "lineJoin",
    },
    {
      "props": {
        "segments": [
          779.7155627376544,
          779.7155627376544,
        ],
      },
      "transform": [
        0.17578125,
        0,
        0,
        -0.17578125,
        10,
        168.203125,
      ],
      "type": "setLineDash",
    },
    {
      "props": {
        "value": 0,
      },
      "transform": [
        0.17578125,
        0,
        0,
        -0.17578125,
        10,
        168.203125,
      ],
      "type": "lineDashOffset",
    },
    {
      "props": {},
      "transform": [
        0.17578125,
        0,
        0,
        -0.17578125,
        10,
        168.203125,
      ],
      "type": "beginPath",
    },
    {
      "props": {
        "x": 457.56010126946427,
        "y": 575.6393923832144,
      },
      "transform": [
        0.17578125,
        0,
        0,
        -0.17578125,
        10,
        168.203125,
      ],
      "type": "moveTo",
    },
    {
      "props": {
        "x": 477,
        "y": 459,
      },
      "transform": [
        0.17578125,
        0,
        0,
        -0.17578125,
        10,
        168.203125,
      ],
      "type": "lineTo",
    },
    {
      "props": {
        "x": 490,
        "y": 439,
      },
      "transform": [
        0.17578125,
        0,
        0,
        -0.17578125,
        10,
        168.203125,
      ],
      "type": "lineTo",
    },
    {
      "props": {
        "x": 571,
        "y": 333,
      },
      "transform": [
        0.17578125,
        0,
        0,
        -0.17578125,
        10,
        168.203125,
      ],
      "type": "lineTo",
    },
    {
      "props": {
        "x": 691,
        "y": 200,
      },
      "transform": [
        0.17578125,
        0,
        0,
        -0.17578125,
        10,
        168.203125,
      ],
      "type": "lineTo",
    },
    {
      "props": {
        "x": 753,
        "y": 145,
      },
      "transform": [
        0.17578125,
        0,
        0,
        -0.17578125,
        10,
        168.203125,
      ],
      "type": "lineTo",
    },
    {
      "props": {
        "x": 798,
        "y": 119,
      },
      "transform": [
        0.17578125,
        0,
        0,
        -0.17578125,
        10,
        168.203125,
      ],
      "type": "lineTo",
    },
    {
      "props": {
        "x": 986,
        "y": 90,
      },
      "transform": [
        0.17578125,
        0,
        0,
        -0.17578125,
        10,
        168.203125,
      ],
      "type": "lineTo",
    },
    {
      "props": {
        "path": [
          {
            "props": {},
            "transform": [
              0.17578125,
              0,
              0,
              -0.17578125,
              10,
              168.203125,
            ],
            "type": "beginPath",
          },
          {
            "props": {
              "x": 457.56010126946427,
              "y": 575.6393923832144,
            },
            "transform": [
              0.17578125,
              0,
              0,
              -0.17578125,
              10,
              168.203125,
            ],
            "type": "moveTo",
          },
          {
            "props": {
              "x": 477,
              "y": 459,
            },
            "transform": [
              0.17578125,
              0,
              0,
              -0.17578125,
              10,
              168.203125,
            ],
            "type": "lineTo",
          },
          {
            "props": {
              "x": 490,
              "y": 439,
            },
            "transform": [
              0.17578125,
              0,
              0,
              -0.17578125,
              10,
              168.203125,
            ],
            "type": "lineTo",
          },
          {
            "props": {
              "x": 571,
              "y": 333,
            },
            "transform": [
              0.17578125,
              0,
              0,
              -0.17578125,
              10,
              168.203125,
            ],
            "type": "lineTo",
          },
          {
            "props": {
              "x": 691,
              "y": 200,
            },
            "transform": [
              0.17578125,
              0,
              0,
              -0.17578125,
              10,
              168.203125,
            ],
            "type": "lineTo",
          },
          {
            "props": {
              "x": 753,
              "y": 145,
            },
            "transform": [
              0.17578125,
              0,
              0,
              -0.17578125,
              10,
              168.203125,
            ],
            "type": "lineTo",
          },
          {
            "props": {
              "x": 798,
              "y": 119,
            },
            "transform": [
              0.17578125,
              0,
              0,
              -0.17578125,
              10,
              168.203125,
            ],
            "type": "lineTo",
          },
          {
            "props": {
              "x": 986,
              "y": 90,
            },
            "transform": [
              0.17578125,
              0,
              0,
              -0.17578125,
              10,
              168.203125,
            ],
            "type": "lineTo",
          },
        ],
      },
      "transform": [
        0.17578125,
        0,
        0,
        -0.17578125,
        10,
        168.203125,
      ],
      "type": "stroke",
    },
    {
      "props": {},
      "transform": [
        0.17578125,
        0,
        0,
        -0.17578125,
        10,
        168.203125,
      ],
      "type": "restore",
    },
    {
      "props": {},
      "transform": [
        0.17578125,
        0,
        0,
        -0.17578125,
        10,
        168.203125,
      ],
      "type": "save",
    },
    {
      "props": {
        "fillRule": "nonzero",
        "path": [],
      },
      "transform": [
        0.17578125,
        0,
        0,
        -0.17578125,
        10,
        168.203125,
      ],
      "type": "clip",
    },
    {
      "props": {
        "value": 1,
      },
      "transform": [
        0.17578125,
        0,
        0,
        -0.17578125,
        10,
        168.203125,
      ],
      "type": "globalAlpha",
    },
    {
      "props": {
        "value": "#555555",
      },
      "transform": [
        0.17578125,
        0,
        0,
        -0.17578125,
        10,
        168.203125,
      ],
      "type": "strokeStyle",
    },
    {
      "props": {
        "value": "#555555",
      },
      "transform": [
        0.17578125,
        0,
        0,
        -0.17578125,
        10,
        168.203125,
      ],
      "type": "fillStyle",
    },
    {
      "props": {
        "value": 200,
      },
      "transform": [
        0.17578125,
        0,
        0,
        -0.17578125,
        10,
        168.203125,
      ],
      "type": "lineWidth",
    },
    {
      "props": {
        "value": "round",
      },
      "transform": [
        0.17578125,
        0,
        0,
        -0.17578125,
        10,
        168.203125,
      ],
      "type": "lineCap",
    },
    {
      "props": {
        "value": "round",
      },
      "transform": [
        0.17578125,
        0,
        0,
        -0.17578125,
        10,
        168.203125,
      ],
      "type": "lineJoin",
    },
    {
      "props": {
        "segments": [
          918.3825419953906,
          918.3825419953906,
        ],
      },
      "transform": [
        0.17578125,
        0,
        0,
        -0.17578125,
        10,
        168.203125,
      ],
      "type": "setLineDash",
    },
    {
      "props": {
        "value": 0,
      },
      "transform": [
        0.17578125,
        0,
        0,
        -0.17578125,
        10,
        168.203125,
      ],
      "type": "lineDashOffset",
    },
    {
      "props": {},
      "transform": [
        0.17578125,
        0,
        0,
        -0.17578125,
        10,
        168.203125,
      ],
      "type": "beginPath",
    },
    {
      "props": {
        "x": 423.7609549522482,
        "y": 816.5651012649424,
      },
      "transform": [
        0.17578125,
        0,
        0,
        -0.17578125,
        10,
        168.203125,
      ],
      "type": "moveTo",
    },
    {
      "props": {
        "x": 508,
        "y": 702,
      },
      "transform": [
        0.17578125,
        0,
        0,
        -0.17578125,
        10,
        168.203125,
      ],
      "type": "lineTo",
    },
    {
      "props": {
        "x": 511,
        "y": 678,
      },
      "transform": [
        0.17578125,
        0,
        0,
        -0.17578125,
        10,
        168.203125,
      ],
      "type": "lineTo",
    },
    {
      "props": {
        "x": 473,
        "y": 552,
      },
      "transform": [
        0.17578125,
        0,
        0,
        -0.17578125,
        10,
        168.203125,
      ],
      "type": "lineTo",
    },
    {
      "props": {
        "x": 408,
        "y": 416,
      },
      "transform": [
        0.17578125,
        0,
        0,
        -0.17578125,
        10,
        168.203125,
      ],
      "type": "lineTo",
    },
    {
      "props": {
        "x": 328,
        "y": 303,
      },
      "transform": [
        0.17578125,
        0,
        0,
        -0.17578125,
        10,
        168.203125,
      ],
      "type": "lineTo",
    },
    {
      "props": {
        "x": 271,
        "y": 244,
      },
      "transform": [
        0.17578125,
        0,
        0,
        -0.17578125,
        10,
        168.203125,
      ],
      "type": "lineTo",
    },
    {
      "props": {
        "x": 144,
        "y": 139,
      },
      "transform": [
        0.17578125,
        0,
        0,
        -0.17578125,
        10,
        168.203125,
      ],
      "type": "lineTo",
    },
    {
      "props": {
        "x": 72,
        "y": 95,
      },
      "transform": [
        0.17578125,
        0,
        0,
        -0.17578125,
        10,
        168.203125,
      ],
      "type": "lineTo",
    },
    {
      "props": {
        "path": [
          {
            "props": {},
            "transform": [
              0.17578125,
              0,
              0,
              -0.17578125,
              10,
              168.203125,
            ],
            "type": "beginPath",
          },
          {
            "props": {
              "x": 423.7609549522482,
              "y": 816.5651012649424,
            },
            "transform": [
              0.17578125,
              0,
              0,
              -0.17578125,
              10,
              168.203125,
            ],
            "type": "moveTo",
          },
          {
            "props": {
              "x": 508,
              "y": 702,
            },
            "transform": [
              0.17578125,
              0,
              0,
              -0.17578125,
              10,
              168.203125,
            ],
            "type": "lineTo",
          },
          {
            "props": {
              "x": 511,
              "y": 678,
            },
            "transform": [
              0.17578125,
              0,
              0,
              -0.17578125,
              10,
              168.203125,
            ],
            "type": "lineTo",
          },
          {
            "props": {
              "x": 473,
              "y": 552,
            },
            "transform": [
              0.17578125,
              0,
              0,
              -0.17578125,
              10,
              168.203125,
            ],
            "type": "lineTo",
          },
          {
            "props": {
              "x": 408,
              "y": 416,
            },
            "transform": [
              0.17578125,
              0,
              0,
              -0.17578125,
              10,
              168.203125,
            ],
            "type": "lineTo",
          },
          {
            "props": {
              "x": 328,
              "y": 303,
            },
            "transform": [
              0.17578125,
              0,
              0,
              -0.17578125,
              10,
              168.203125,
            ],
            "type": "lineTo",
          },
          {
            "props": {
              "x": 271,
              "y": 244,
            },
            "transform": [
              0.17578125,
              0,
              0,
              -0.17578125,
              10,
              168.203125,
            ],
            "type": "lineTo",
          },
          {
            "props": {
              "x": 144,
              "y": 139,
            },
            "transform": [
              0.17578125,
              0,
              0,
              -0.17578125,
              10,
              168.203125,
            ],
            "type": "lineTo",
          },
          {
            "props": {
              "x": 72,
              "y": 95,
            },
            "transform": [
              0.17578125,
              0,
              0,
              -0.17578125,
              10,
              168.203125,
            ],
            "type": "lineTo",
          },
        ],
      },
      "transform": [
        0.17578125,
        0,
        0,
        -0.17578125,
        10,
        168.203125,
      ],
      "type": "stroke",
    },
    {
      "props": {},
      "transform": [
        0.17578125,
        0,
        0,
        -0.17578125,
        10,
        168.203125,
      ],
      "type": "restore",
    },
    {
      "props": {},
      "transform": [
        0.17578125,
        0,
        0,
        -0.17578125,
        10,
        168.203125,
      ],
      "type": "save",
    },
    {
      "props": {
        "fillRule": "nonzero",
        "path": [],
      },
      "transform": [
        0.17578125,
        0,
        0,
        -0.17578125,
        10,
        168.203125,
      ],
      "type": "clip",
    },
    {
      "props": {
        "value": 1,
      },
      "transform": [
        0.17578125,
        0,
        0,
        -0.17578125,
        10,
        168.203125,
      ],
      "type": "globalAlpha",
    },
    {
      "props": {
        "value": "#555555",
      },
      "transform": [
        0.17578125,
        0,
        0,
        -0.17578125,
        10,
        168.203125,
      ],
      "type": "strokeStyle",
    },
    {
      "props": {
        "value": "#555555",
      },
      "transform": [
        0.17578125,
        0,
        0,
        -0.17578125,
        10,
        168.203125,
      ],
      "type": "fillStyle",
    },
    {
      "props": {
        "value": 200,
      },
      "transform": [
        0.17578125,
        0,
        0,
        -0.17578125,
        10,
        168.203125,
      ],
      "type": "lineWidth",
    },
    {
      "props": {
        "value": "round",
      },
      "transform": [
        0.17578125,
        0,
        0,
        -0.17578125,
        10,
        168.203125,
      ],
      "type": "lineCap",
    },
    {
      "props": {
        "value": "round",
      },
      "transform": [
        0.17578125,
        0,
        0,
        -0.17578125,
        10,
        168.203125,
      ],
      "type": "lineJoin",
    },
    {
      "props": {
        "segments": [
          779.7155627376544,
          779.7155627376544,
        ],
      },
      "transform": [
        0.17578125,
        0,
        0,
        -0.17578125,
        10,
        168.203125,
      ],
      "type": "setLineDash",
    },
    {
      "props": {
        "value": 0,
      },
      "transform": [
        0.17578125,
        0,
        0,
        -0.17578125,
        10,
        168.203125,
      ],
      "type": "lineDashOffset",
    },
    {
      "props": {},
      "transform": [
        0.17578125,
        0,
        0,
        -0.17578125,
        10,
        168.203125,
      ],
      "type": "beginPath",
    },
    {
      "props": {
        "x": 457.56010126946427,
        "y": 575.6393923832144,
      },
      "transform": [
        0.17578125,
        0,
        0,
        -0.17578125,
        10,
        168.203125,
      ],
      "type": "moveTo",
    },
    {
      "props": {
        "x": 477,
        "y": 459,
      },
      "transform": [
        0.17578125,
        0,
        0,
        -0.17578125,
        10,
        168.203125,
      ],
      "type": "lineTo",
    },
    {
      "props": {
        "x": 490,
        "y": 439,
      },
      "transform": [
        0.17578125,
        0,
        0,
        -0.17578125,
        10,
        168.203125,
      ],
      "type": "lineTo",
    },
    {
      "props": {
        "x": 571,
        "y": 333,
      },
      "transform": [
        0.17578125,
        0,
        0,
        -0.17578125,
        10,
        168.203125,
      ],
      "type": "lineTo",
    },
    {
      "props": {
        "x": 691,
        "y": 200,
      },
      "transform": [
        0.17578125,
        0,
        0,
        -0.17578125,
        10,
        168.203125,
      ],
      "type": "lineTo",
    },
    {
      "props": {
        "x": 753,
        "y": 145,
      },
      "transform": [
        0.17578125,
        0,
        0,
        -0.17578125,
        10,
        168.203125,
      ],
      "type": "lineTo",
    },
    {
      "props": {
        "x": 798,
        "y": 119,
      },
      "transform": [
        0.17578125,
        0,
        0,
        -0.17578125,
        10,
        168.203125,
      ],
      "type": "lineTo",
    },
    {
      "props": {
        "x": 986,
        "y": 90,
      },
      "transform": [
        0.17578125,
        0,
        0,
        -0.17578125,
        10,
        168.203125,
      ],
      "type": "lineTo",
    },
    {
      "props": {
        "path": [
          {
            "props": {},
            "transform": [
              0.17578125,
              0,
              0,
              -0.17578125,
              10,
              168.203125,
            ],
            "type": "beginPath",
          },
          {
            "props": {
              "x": 457.56010126946427,
              "y": 575.6393923832144,
            },
            "transform": [
              0.17578125,
              0,
              0,
              -0.17578125,
              10,
              168.203125,
            ],
            "type": "moveTo",
          },
          {
            "props": {
              "x": 477,
              "y": 459,
            },
            "transform": [
              0.17578125,
              0,
              0,
              -0.17578125,
              10,
              168.203125,
            ],
            "type": "lineTo",
          },
          {
            "props": {
              "x": 490,
              "y": 439,
            },
            "transform": [
              0.17578125,
              0,
              0,
              -0.17578125,
              10,
              168.203125,
            ],
            "type": "lineTo",
          },
          {
            "props": {
              "x": 571,
              "y": 333,
            },
            "transform": [
              0.17578125,
              0,
              0,
              -0.17578125,
              10,
              168.203125,
            ],
            "type": "lineTo",
          },
          {
            "props": {
              "x": 691,
              "y": 200,
            },
            "transform": [
              0.17578125,
              0,
              0,
              -0.17578125,
              10,
              168.203125,
            ],
            "type": "lineTo",
          },
          {
            "props": {
              "x": 753,
              "y": 145,
            },
            "transform": [
              0.17578125,
              0,
              0,
              -0.17578125,
              10,
              168.203125,
            ],
            "type": "lineTo",
          },
          {
            "props": {
              "x": 798,
              "y": 119,
            },
            "transform": [
              0.17578125,
              0,
              0,
              -0.17578125,
              10,
              168.203125,
            ],
            "type": "lineTo",
          },
          {
            "props": {
              "x": 986,
              "y": 90,
            },
            "transform": [
              0.17578125,
              0,
              0,
              -0.17578125,
              10,
              168.203125,
            ],
            "type": "lineTo",
          },
        ],
      },
      "transform": [
        0.17578125,
        0,
        0,
        -0.17578125,
        10,
        168.203125,
      ],
      "type": "stroke",
    },
    {
      "props": {},
      "transform": [
        0.17578125,
        0,
        0,
        -0.17578125,
        10,
        168.203125,
      ],
      "type": "restore",
    },
    {
      "props": {},
      "transform": [
        1,
        0,
        0,
        1,
        0,
        0,
      ],
      "type": "restore",
    },
  ],
  "_fillStyleStack": [
    "#000000",
  ],
  "_filterStack": [
    "none",
  ],
  "_fontStack": [
    "10px sans-serif",
  ],
  "_globalAlphaStack": [
    1,
  ],
  "_globalCompositeOperationStack": [
    "source-over",
  ],
  "_imageSmoothingEnabledStack": [
    true,
  ],
  "_imageSmoothingQualityStack": [
    "low",
  ],
  "_lineCapStack": [
    "butt",
  ],
  "_lineDashOffsetStack": [
    0,
  ],
  "_lineDashStack": [
    [],
  ],
  "_lineJoinStack": [
    "miter",
  ],
  "_lineWidthStack": [
    1,
  ],
  "_miterLimitStack": [
    10,
  ],
  "_path": [
    {
      "props": {},
      "transform": [
        0.17578125,
        0,
        0,
        -0.17578125,
        10,
        168.203125,
      ],
      "type": "beginPath",
    },
    {
      "props": {
        "x": 457.56010126946427,
        "y": 575.6393923832144,
      },
      "transform": [
        0.17578125,
        0,
        0,
        -0.17578125,
        10,
        168.203125,
      ],
      "type": "moveTo",
    },
    {
      "props": {
        "x": 477,
        "y": 459,
      },
      "transform": [
        0.17578125,
        0,
        0,
        -0.17578125,
        10,
        168.203125,
      ],
      "type": "lineTo",
    },
    {
      "props": {
        "x": 490,
        "y": 439,
      },
      "transform": [
        0.17578125,
        0,
        0,
        -0.17578125,
        10,
        168.203125,
      ],
      "type": "lineTo",
    },
    {
      "props": {
        "x": 571,
        "y": 333,
      },
      "transform": [
        0.17578125,
        0,
        0,
        -0.17578125,
        10,
        168.203125,
      ],
      "type": "lineTo",
    },
    {
      "props": {
        "x": 691,
        "y": 200,
      },
      "transform": [
        0.17578125,
        0,
        0,
        -0.17578125,
        10,
        168.203125,
      ],
      "type": "lineTo",
    },
    {
      "props": {
        "x": 753,
        "y": 145,
      },
      "transform": [
        0.17578125,
        0,
        0,
        -0.17578125,
        10,
        168.203125,
      ],
      "type": "lineTo",
    },
    {
      "props": {
        "x": 798,
        "y": 119,
      },
      "transform": [
        0.17578125,
        0,
        0,
        -0.17578125,
        10,
        168.203125,
      ],
      "type": "lineTo",
    },
    {
      "props": {
        "x": 986,
        "y": 90,
      },
      "transform": [
        0.17578125,
        0,
        0,
        -0.17578125,
        10,
        168.203125,
      ],
      "type": "lineTo",
    },
  ],
  "_shadowBlurStack": [
    0,
  ],
  "_shadowColorStack": [
    "rgba(0, 0, 0, 0)",
  ],
  "_shadowOffsetXStack": [
    0,
  ],
  "_shadowOffsetYStack": [
    0,
  ],
  "_stackIndex": 0,
  "_strokeStyleStack": [
    "#000000",
  ],
  "_textAlignStack": [
    "start",
  ],
  "_textBaselineStack": [
    "alphabetic",
  ],
  "_transformStack": [
    [
      1,
      0,
      0,
      1,
      0,
      0,
    ],
  ],
  "addHitRegion": [MockFunction],
  "arc": [MockFunction],
  "arcTo": [MockFunction],
  "beginPath": [MockFunction] {
    "calls": [
      [],
      [],
      [],
      [],
    ],
    "results": [
      {
        "type": "return",
        "value": undefined,
      },
      {
        "type": "return",
        "value": undefined,
      },
      {
        "type": "return",
        "value": undefined,
      },
      {
        "type": "return",
        "value": undefined,
      },
    ],
  },
  "bezierCurveTo": [MockFunction],
  "clearHitRegions": [MockFunction],
  "clearRect": [MockFunction] {
    "calls": [
      [
        0,
        0,
        200,
        200,
      ],
    ],
    "results": [
      {
        "type": "return",
        "value": undefined,
      },
    ],
  },
  "clip": [MockFunction] {
    "calls": [
      [
        Path2D {
          "_events": [],
          "_path": [],
          "_stackIndex": 0,
          "_transformStack": [
            [
              1,
              0,
              0,
              1,
              0,
              0,
            ],
          ],
          "addPath": [MockFunction],
          "arc": [MockFunction],
          "arcTo": [MockFunction],
          "bezierCurveTo": [MockFunction],
          "closePath": [MockFunction],
          "ellipse": [MockFunction],
          "lineTo": [MockFunction],
          "moveTo": [MockFunction],
          "quadraticCurveTo": [MockFunction],
          "rect": [MockFunction],
        },
      ],
      [
        Path2D {
          "_events": [],
          "_path": [],
          "_stackIndex": 0,
          "_transformStack": [
            [
              1,
              0,
              0,
              1,
              0,
              0,
            ],
          ],
          "addPath": [MockFunction],
          "arc": [MockFunction],
          "arcTo": [MockFunction],
          "bezierCurveTo": [MockFunction],
          "closePath": [MockFunction],
          "ellipse": [MockFunction],
          "lineTo": [MockFunction],
          "moveTo": [MockFunction],
          "quadraticCurveTo": [MockFunction],
          "rect": [MockFunction],
        },
      ],
      [
        Path2D {
          "_events": [],
          "_path": [],
          "_stackIndex": 0,
          "_transformStack": [
            [
              1,
              0,
              0,
              1,
              0,
              0,
            ],
          ],
          "addPath": [MockFunction],
          "arc": [MockFunction],
          "arcTo": [MockFunction],
          "bezierCurveTo": [MockFunction],
          "closePath": [MockFunction],
          "ellipse": [MockFunction],
          "lineTo": [MockFunction],
          "moveTo": [MockFunction],
          "quadraticCurveTo": [MockFunction],
          "rect": [MockFunction],
        },
      ],
      [
        Path2D {
          "_events": [],
          "_path": [],
          "_stackIndex": 0,
          "_transformStack": [
            [
              1,
              0,
              0,
              1,
              0,
              0,
            ],
          ],
          "addPath": [MockFunction],
          "arc": [MockFunction],
          "arcTo": [MockFunction],
          "bezierCurveTo": [MockFunction],
          "closePath": [MockFunction],
          "ellipse": [MockFunction],
          "lineTo": [MockFunction],
          "moveTo": [MockFunction],
          "quadraticCurveTo": [MockFunction],
          "rect": [MockFunction],
        },
      ],
    ],
    "results": [
      {
        "type": "return",
        "value": undefined,
      },
      {
        "type": "return",
        "value": undefined,
      },
      {
        "type": "return",
        "value": undefined,
      },
      {
        "type": "return",
        "value": undefined,
      },
    ],
  },
  "closePath": [MockFunction],
  "createImageData": [MockFunction],
  "createLinearGradient": [MockFunction],
  "createPattern": [MockFunction],
  "createRadialGradient": [MockFunction],
  "drawFocusIfNeeded": [MockFunction],
  "drawImage": [MockFunction],
  "ellipse": [MockFunction],
  "fill": [MockFunction],
  "fillRect": [MockFunction],
  "fillText": [MockFunction],
  "getImageData": [MockFunction],
  "getLineDash": [MockFunction],
  "getTransform": [MockFunction],
  "isPointInPath": [MockFunction],
  "isPointInStroke": [MockFunction],
  "lineTo": [MockFunction] {
    "calls": [
      [
        508,
        702,
      ],
      [
        511,
        678,
      ],
      [
        473,
        552,
      ],
      [
        408,
        416,
      ],
      [
        328,
        303,
      ],
      [
        271,
        244,
      ],
      [
        144,
        139,
      ],
      [
        72,
        95,
      ],
      [
        477,
        459,
      ],
      [
        490,
        439,
      ],
      [
        571,
        333,
      ],
      [
        691,
        200,
      ],
      [
        753,
        145,
      ],
      [
        798,
        119,
      ],
      [
        986,
        90,
      ],
      [
        508,
        702,
      ],
      [
        511,
        678,
      ],
      [
        473,
        552,
      ],
      [
        408,
        416,
      ],
      [
        328,
        303,
      ],
      [
        271,
        244,
      ],
      [
        144,
        139,
      ],
      [
        72,
        95,
      ],
      [
        477,
        459,
      ],
      [
        490,
        439,
      ],
      [
        571,
        333,
      ],
      [
        691,
        200,
      ],
      [
        753,
        145,
      ],
      [
        798,
        119,
      ],
      [
        986,
        90,
      ],
    ],
    "results": [
      {
        "type": "return",
        "value": undefined,
      },
      {
        "type": "return",
        "value": undefined,
      },
      {
        "type": "return",
        "value": undefined,
      },
      {
        "type": "return",
        "value": undefined,
      },
      {
        "type": "return",
        "value": undefined,
      },
      {
        "type": "return",
        "value": undefined,
      },
      {
        "type": "return",
        "value": undefined,
      },
      {
        "type": "return",
        "value": undefined,
      },
      {
        "type": "return",
        "value": undefined,
      },
      {
        "type": "return",
        "value": undefined,
      },
      {
        "type": "return",
        "value": undefined,
      },
      {
        "type": "return",
        "value": undefined,
      },
      {
        "type": "return",
        "value": undefined,
      },
      {
        "type": "return",
        "value": undefined,
      },
      {
        "type": "return",
        "value": undefined,
      },
      {
        "type": "return",
        "value": undefined,
      },
      {
        "type": "return",
        "value": undefined,
      },
      {
        "type": "return",
        "value": undefined,
      },
      {
        "type": "return",
        "value": undefined,
      },
      {
        "type": "return",
        "value": undefined,
      },
      {
        "type": "return",
        "value": undefined,
      },
      {
        "type": "return",
        "value": undefined,
      },
      {
        "type": "return",
        "value": undefined,
      },
      {
        "type": "return",
        "value": undefined,
      },
      {
        "type": "return",
        "value": undefined,
      },
      {
        "type": "return",
        "value": undefined,
      },
      {
        "type": "return",
        "value": undefined,
      },
      {
        "type": "return",
        "value": undefined,
      },
      {
        "type": "return",
        "value": undefined,
      },
      {
        "type": "return",
        "value": undefined,
      },
    ],
  },
  "measureText": [MockFunction],
  "moveTo": [MockFunction] {
    "calls": [
      [
        423.7609549522482,
        816.5651012649424,
      ],
      [
        457.56010126946427,
        575.6393923832144,
      ],
      [
        423.7609549522482,
        816.5651012649424,
      ],
      [
        457.56010126946427,
        575.6393923832144,
      ],
    ],
    "results": [
      {
        "type": "return",
        "value": undefined,
      },
      {
        "type": "return",
        "value": undefined,
      },
      {
        "type": "return",
        "value": undefined,
      },
      {
        "type": "return",
        "value": undefined,
      },
    ],
  },
  "putImageData": [MockFunction],
  "quadraticCurveTo": [MockFunction],
  "rect": [MockFunction],
  "removeHitRegion": [MockFunction],
  "resetTransform": [MockFunction],
  "restore": [MockFunction] {
    "calls": [
      [],
      [],
      [],
      [],
      [],
    ],
    "results": [
      {
        "type": "return",
        "value": undefined,
      },
      {
        "type": "return",
        "value": undefined,
      },
      {
        "type": "return",
        "value": undefined,
      },
      {
        "type": "return",
        "value": undefined,
      },
      {
        "type": "return",
        "value": undefined,
      },
    ],
  },
  "rotate": [MockFunction],
  "roundRect": [MockFunction],
  "save": [MockFunction] {
    "calls": [
      [],
      [],
      [],
      [],
      [],
    ],
    "results": [
      {
        "type": "return",
        "value": undefined,
      },
      {
        "type": "return",
        "value": undefined,
      },
      {
        "type": "return",
        "value": undefined,
      },
      {
        "type": "return",
        "value": undefined,
      },
      {
        "type": "return",
        "value": undefined,
      },
    ],
  },
  "scale": [MockFunction] {
    "calls": [
      [
        0.17578125,
        0.17578125,
      ],
    ],
    "results": [
      {
        "type": "return",
        "value": undefined,
      },
    ],
  },
  "scrollPathIntoView": [MockFunction],
  "setLineDash": [MockFunction] {
    "calls": [
      [
        [
          918.3825419953906,
          918.3825419953906,
        ],
        0,
      ],
      [
        [
          779.7155627376544,
          779.7155627376544,
        ],
        0,
      ],
      [
        [
          918.3825419953906,
          918.3825419953906,
        ],
        0,
      ],
      [
        [
          779.7155627376544,
          779.7155627376544,
        ],
        0,
      ],
    ],
    "results": [
      {
        "type": "return",
        "value": undefined,
      },
      {
        "type": "return",
        "value": undefined,
      },
      {
        "type": "return",
        "value": undefined,
      },
      {
        "type": "return",
        "value": undefined,
      },
    ],
  },
  "setTransform": [MockFunction],
  "stroke": [MockFunction] {
    "calls": [
      [],
      [],
      [],
      [],
    ],
    "results": [
      {
        "type": "return",
        "value": undefined,
      },
      {
        "type": "return",
        "value": undefined,
      },
      {
        "type": "return",
        "value": undefined,
      },
      {
        "type": "return",
        "value": undefined,
      },
    ],
  },
  "strokeRect": [MockFunction],
  "strokeText": [MockFunction],
  "transform": [MockFunction] {
    "calls": [
      [
        1,
        0,
        0,
        -1,
        0,
        0,
      ],
    ],
    "results": [
      {
        "type": "return",
        "value": undefined,
      },
    ],
  },
  "translate": [MockFunction] {
    "calls": [
      [
        10,
        168.203125,
      ],
    ],
    "results": [
      {
        "type": "return",
        "value": undefined,
      },
    ],
  },
}
`;
