// Jest Snapshot v1, https://jestjs.io/docs/snapshot-testing

exports[`ScribingRenderer handles empty user strokes 1`] = `
[
  {
    "props": {
      "height": 100,
      "width": 100,
      "x": 0,
      "y": 0,
    },
    "transform": [
      1,
      0,
      0,
      1,
      0,
      0,
    ],
    "type": "clearRect",
  },
  {
    "props": {},
    "transform": [
      1,
      0,
      0,
      1,
      0,
      0,
    ],
    "type": "save",
  },
  {
    "props": {
      "x": 10,
      "y": 80.3125,
    },
    "transform": [
      1,
      0,
      0,
      1,
      10,
      80.3125,
    ],
    "type": "translate",
  },
  {
    "props": {
      "a": 1,
      "b": 0,
      "c": 0,
      "d": -1,
      "e": 0,
      "f": 0,
    },
    "transform": [
      1,
      0,
      0,
      -1,
      10,
      80.3125,
    ],
    "type": "transform",
  },
  {
    "props": {
      "x": 0.078125,
      "y": 0.078125,
    },
    "transform": [
      0.078125,
      0,
      0,
      -0.078125,
      10,
      80.3125,
    ],
    "type": "scale",
  },
  {
    "props": {},
    "transform": [
      0.078125,
      0,
      0,
      -0.078125,
      10,
      80.3125,
    ],
    "type": "save",
  },
  {
    "props": {
      "fillRule": "nonzero",
      "path": [],
    },
    "transform": [
      0.078125,
      0,
      0,
      -0.078125,
      10,
      80.3125,
    ],
    "type": "clip",
  },
  {
    "props": {
      "value": 0.7,
    },
    "transform": [
      0.078125,
      0,
      0,
      -0.078125,
      10,
      80.3125,
    ],
    "type": "globalAlpha",
  },
  {
    "props": {
      "value": "rgba(255, 150, 100, 0.7)",
    },
    "transform": [
      0.078125,
      0,
      0,
      -0.078125,
      10,
      80.3125,
    ],
    "type": "strokeStyle",
  },
  {
    "props": {
      "value": "rgba(255, 150, 100, 0.7)",
    },
    "transform": [
      0.078125,
      0,
      0,
      -0.078125,
      10,
      80.3125,
    ],
    "type": "fillStyle",
  },
  {
    "props": {
      "value": 200,
    },
    "transform": [
      0.078125,
      0,
      0,
      -0.078125,
      10,
      80.3125,
    ],
    "type": "lineWidth",
  },
  {
    "props": {
      "value": "round",
    },
    "transform": [
      0.078125,
      0,
      0,
      -0.078125,
      10,
      80.3125,
    ],
    "type": "lineCap",
  },
  {
    "props": {
      "value": "round",
    },
    "transform": [
      0.078125,
      0,
      0,
      -0.078125,
      10,
      80.3125,
    ],
    "type": "lineJoin",
  },
  {
    "props": {
      "segments": [
        918.3825419953906,
        918.3825419953906,
      ],
    },
    "transform": [
      0.078125,
      0,
      0,
      -0.078125,
      10,
      80.3125,
    ],
    "type": "setLineDash",
  },
  {
    "props": {
      "value": 0,
    },
    "transform": [
      0.078125,
      0,
      0,
      -0.078125,
      10,
      80.3125,
    ],
    "type": "lineDashOffset",
  },
  {
    "props": {},
    "transform": [
      0.078125,
      0,
      0,
      -0.078125,
      10,
      80.3125,
    ],
    "type": "beginPath",
  },
  {
    "props": {
      "x": 423.7609549522482,
      "y": 816.5651012649424,
    },
    "transform": [
      0.078125,
      0,
      0,
      -0.078125,
      10,
      80.3125,
    ],
    "type": "moveTo",
  },
  {
    "props": {
      "x": 508,
      "y": 702,
    },
    "transform": [
      0.078125,
      0,
      0,
      -0.078125,
      10,
      80.3125,
    ],
    "type": "lineTo",
  },
  {
    "props": {
      "x": 511,
      "y": 678,
    },
    "transform": [
      0.078125,
      0,
      0,
      -0.078125,
      10,
      80.3125,
    ],
    "type": "lineTo",
  },
  {
    "props": {
      "x": 473,
      "y": 552,
    },
    "transform": [
      0.078125,
      0,
      0,
      -0.078125,
      10,
      80.3125,
    ],
    "type": "lineTo",
  },
  {
    "props": {
      "x": 408,
      "y": 416,
    },
    "transform": [
      0.078125,
      0,
      0,
      -0.078125,
      10,
      80.3125,
    ],
    "type": "lineTo",
  },
  {
    "props": {
      "x": 328,
      "y": 303,
    },
    "transform": [
      0.078125,
      0,
      0,
      -0.078125,
      10,
      80.3125,
    ],
    "type": "lineTo",
  },
  {
    "props": {
      "x": 271,
      "y": 244,
    },
    "transform": [
      0.078125,
      0,
      0,
      -0.078125,
      10,
      80.3125,
    ],
    "type": "lineTo",
  },
  {
    "props": {
      "x": 144,
      "y": 139,
    },
    "transform": [
      0.078125,
      0,
      0,
      -0.078125,
      10,
      80.3125,
    ],
    "type": "lineTo",
  },
  {
    "props": {
      "x": 72,
      "y": 95,
    },
    "transform": [
      0.078125,
      0,
      0,
      -0.078125,
      10,
      80.3125,
    ],
    "type": "lineTo",
  },
  {
    "props": {
      "path": [
        {
          "props": {},
          "transform": [
            0.078125,
            0,
            0,
            -0.078125,
            10,
            80.3125,
          ],
          "type": "beginPath",
        },
        {
          "props": {
            "x": 423.7609549522482,
            "y": 816.5651012649424,
          },
          "transform": [
            0.078125,
            0,
            0,
            -0.078125,
            10,
            80.3125,
          ],
          "type": "moveTo",
        },
        {
          "props": {
            "x": 508,
            "y": 702,
          },
          "transform": [
            0.078125,
            0,
            0,
            -0.078125,
            10,
            80.3125,
          ],
          "type": "lineTo",
        },
        {
          "props": {
            "x": 511,
            "y": 678,
          },
          "transform": [
            0.078125,
            0,
            0,
            -0.078125,
            10,
            80.3125,
          ],
          "type": "lineTo",
        },
        {
          "props": {
            "x": 473,
            "y": 552,
          },
          "transform": [
            0.078125,
            0,
            0,
            -0.078125,
            10,
            80.3125,
          ],
          "type": "lineTo",
        },
        {
          "props": {
            "x": 408,
            "y": 416,
          },
          "transform": [
            0.078125,
            0,
            0,
            -0.078125,
            10,
            80.3125,
          ],
          "type": "lineTo",
        },
        {
          "props": {
            "x": 328,
            "y": 303,
          },
          "transform": [
            0.078125,
            0,
            0,
            -0.078125,
            10,
            80.3125,
          ],
          "type": "lineTo",
        },
        {
          "props": {
            "x": 271,
            "y": 244,
          },
          "transform": [
            0.078125,
            0,
            0,
            -0.078125,
            10,
            80.3125,
          ],
          "type": "lineTo",
        },
        {
          "props": {
            "x": 144,
            "y": 139,
          },
          "transform": [
            0.078125,
            0,
            0,
            -0.078125,
            10,
            80.3125,
          ],
          "type": "lineTo",
        },
        {
          "props": {
            "x": 72,
            "y": 95,
          },
          "transform": [
            0.078125,
            0,
            0,
            -0.078125,
            10,
            80.3125,
          ],
          "type": "lineTo",
        },
      ],
    },
    "transform": [
      0.078125,
      0,
      0,
      -0.078125,
      10,
      80.3125,
    ],
    "type": "stroke",
  },
  {
    "props": {},
    "transform": [
      0.078125,
      0,
      0,
      -0.078125,
      10,
      80.3125,
    ],
    "type": "restore",
  },
  {
    "props": {},
    "transform": [
      0.078125,
      0,
      0,
      -0.078125,
      10,
      80.3125,
    ],
    "type": "save",
  },
  {
    "props": {
      "fillRule": "nonzero",
      "path": [],
    },
    "transform": [
      0.078125,
      0,
      0,
      -0.078125,
      10,
      80.3125,
    ],
    "type": "clip",
  },
  {
    "props": {
      "value": 0.7,
    },
    "transform": [
      0.078125,
      0,
      0,
      -0.078125,
      10,
      80.3125,
    ],
    "type": "globalAlpha",
  },
  {
    "props": {
      "value": "rgba(255, 150, 100, 0.7)",
    },
    "transform": [
      0.078125,
      0,
      0,
      -0.078125,
      10,
      80.3125,
    ],
    "type": "strokeStyle",
  },
  {
    "props": {
      "value": "rgba(255, 150, 100, 0.7)",
    },
    "transform": [
      0.078125,
      0,
      0,
      -0.078125,
      10,
      80.3125,
    ],
    "type": "fillStyle",
  },
  {
    "props": {
      "value": 200,
    },
    "transform": [
      0.078125,
      0,
      0,
      -0.078125,
      10,
      80.3125,
    ],
    "type": "lineWidth",
  },
  {
    "props": {
      "value": "round",
    },
    "transform": [
      0.078125,
      0,
      0,
      -0.078125,
      10,
      80.3125,
    ],
    "type": "lineCap",
  },
  {
    "props": {
      "value": "round",
    },
    "transform": [
      0.078125,
      0,
      0,
      -0.078125,
      10,
      80.3125,
    ],
    "type": "lineJoin",
  },
  {
    "props": {
      "segments": [
        779.7155627376544,
        779.7155627376544,
      ],
    },
    "transform": [
      0.078125,
      0,
      0,
      -0.078125,
      10,
      80.3125,
    ],
    "type": "setLineDash",
  },
  {
    "props": {
      "value": 0,
    },
    "transform": [
      0.078125,
      0,
      0,
      -0.078125,
      10,
      80.3125,
    ],
    "type": "lineDashOffset",
  },
  {
    "props": {},
    "transform": [
      0.078125,
      0,
      0,
      -0.078125,
      10,
      80.3125,
    ],
    "type": "beginPath",
  },
  {
    "props": {
      "x": 457.56010126946427,
      "y": 575.6393923832144,
    },
    "transform": [
      0.078125,
      0,
      0,
      -0.078125,
      10,
      80.3125,
    ],
    "type": "moveTo",
  },
  {
    "props": {
      "x": 477,
      "y": 459,
    },
    "transform": [
      0.078125,
      0,
      0,
      -0.078125,
      10,
      80.3125,
    ],
    "type": "lineTo",
  },
  {
    "props": {
      "x": 490,
      "y": 439,
    },
    "transform": [
      0.078125,
      0,
      0,
      -0.078125,
      10,
      80.3125,
    ],
    "type": "lineTo",
  },
  {
    "props": {
      "x": 571,
      "y": 333,
    },
    "transform": [
      0.078125,
      0,
      0,
      -0.078125,
      10,
      80.3125,
    ],
    "type": "lineTo",
  },
  {
    "props": {
      "x": 691,
      "y": 200,
    },
    "transform": [
      0.078125,
      0,
      0,
      -0.078125,
      10,
      80.3125,
    ],
    "type": "lineTo",
  },
  {
    "props": {
      "x": 753,
      "y": 145,
    },
    "transform": [
      0.078125,
      0,
      0,
      -0.078125,
      10,
      80.3125,
    ],
    "type": "lineTo",
  },
  {
    "props": {
      "x": 798,
      "y": 119,
    },
    "transform": [
      0.078125,
      0,
      0,
      -0.078125,
      10,
      80.3125,
    ],
    "type": "lineTo",
  },
  {
    "props": {
      "x": 986,
      "y": 90,
    },
    "transform": [
      0.078125,
      0,
      0,
      -0.078125,
      10,
      80.3125,
    ],
    "type": "lineTo",
  },
  {
    "props": {
      "path": [
        {
          "props": {},
          "transform": [
            0.078125,
            0,
            0,
            -0.078125,
            10,
            80.3125,
          ],
          "type": "beginPath",
        },
        {
          "props": {
            "x": 457.56010126946427,
            "y": 575.6393923832144,
          },
          "transform": [
            0.078125,
            0,
            0,
            -0.078125,
            10,
            80.3125,
          ],
          "type": "moveTo",
        },
        {
          "props": {
            "x": 477,
            "y": 459,
          },
          "transform": [
            0.078125,
            0,
            0,
            -0.078125,
            10,
            80.3125,
          ],
          "type": "lineTo",
        },
        {
          "props": {
            "x": 490,
            "y": 439,
          },
          "transform": [
            0.078125,
            0,
            0,
            -0.078125,
            10,
            80.3125,
          ],
          "type": "lineTo",
        },
        {
          "props": {
            "x": 571,
            "y": 333,
          },
          "transform": [
            0.078125,
            0,
            0,
            -0.078125,
            10,
            80.3125,
          ],
          "type": "lineTo",
        },
        {
          "props": {
            "x": 691,
            "y": 200,
          },
          "transform": [
            0.078125,
            0,
            0,
            -0.078125,
            10,
            80.3125,
          ],
          "type": "lineTo",
        },
        {
          "props": {
            "x": 753,
            "y": 145,
          },
          "transform": [
            0.078125,
            0,
            0,
            -0.078125,
            10,
            80.3125,
          ],
          "type": "lineTo",
        },
        {
          "props": {
            "x": 798,
            "y": 119,
          },
          "transform": [
            0.078125,
            0,
            0,
            -0.078125,
            10,
            80.3125,
          ],
          "type": "lineTo",
        },
        {
          "props": {
            "x": 986,
            "y": 90,
          },
          "transform": [
            0.078125,
            0,
            0,
            -0.078125,
            10,
            80.3125,
          ],
          "type": "lineTo",
        },
      ],
    },
    "transform": [
      0.078125,
      0,
      0,
      -0.078125,
      10,
      80.3125,
    ],
    "type": "stroke",
  },
  {
    "props": {},
    "transform": [
      0.078125,
      0,
      0,
      -0.078125,
      10,
      80.3125,
    ],
    "type": "restore",
  },
  {
    "props": {},
    "transform": [
      0.078125,
      0,
      0,
      -0.078125,
      10,
      80.3125,
    ],
    "type": "save",
  },
  {
    "props": {
      "fillRule": "nonzero",
      "path": [],
    },
    "transform": [
      0.078125,
      0,
      0,
      -0.078125,
      10,
      80.3125,
    ],
    "type": "clip",
  },
  {
    "props": {
      "value": 0.7,
    },
    "transform": [
      0.078125,
      0,
      0,
      -0.078125,
      10,
      80.3125,
    ],
    "type": "globalAlpha",
  },
  {
    "props": {
      "value": "rgba(255, 100, 10, 0.9)",
    },
    "transform": [
      0.078125,
      0,
      0,
      -0.078125,
      10,
      80.3125,
    ],
    "type": "strokeStyle",
  },
  {
    "props": {
      "value": "rgba(255, 100, 10, 0.9)",
    },
    "transform": [
      0.078125,
      0,
      0,
      -0.078125,
      10,
      80.3125,
    ],
    "type": "fillStyle",
  },
  {
    "props": {
      "value": 200,
    },
    "transform": [
      0.078125,
      0,
      0,
      -0.078125,
      10,
      80.3125,
    ],
    "type": "lineWidth",
  },
  {
    "props": {
      "value": "round",
    },
    "transform": [
      0.078125,
      0,
      0,
      -0.078125,
      10,
      80.3125,
    ],
    "type": "lineCap",
  },
  {
    "props": {
      "value": "round",
    },
    "transform": [
      0.078125,
      0,
      0,
      -0.078125,
      10,
      80.3125,
    ],
    "type": "lineJoin",
  },
  {
    "props": {
      "segments": [
        918.3825419953906,
        918.3825419953906,
      ],
    },
    "transform": [
      0.078125,
      0,
      0,
      -0.078125,
      10,
      80.3125,
    ],
    "type": "setLineDash",
  },
  {
    "props": {
      "value": 0,
    },
    "transform": [
      0.078125,
      0,
      0,
      -0.078125,
      10,
      80.3125,
    ],
    "type": "lineDashOffset",
  },
  {
    "props": {},
    "transform": [
      0.078125,
      0,
      0,
      -0.078125,
      10,
      80.3125,
    ],
    "type": "beginPath",
  },
  {
    "props": {
      "x": 423.7609549522482,
      "y": 816.5651012649424,
    },
    "transform": [
      0.078125,
      0,
      0,
      -0.078125,
      10,
      80.3125,
    ],
    "type": "moveTo",
  },
  {
    "props": {
      "x": 508,
      "y": 702,
    },
    "transform": [
      0.078125,
      0,
      0,
      -0.078125,
      10,
      80.3125,
    ],
    "type": "lineTo",
  },
  {
    "props": {
      "x": 511,
      "y": 678,
    },
    "transform": [
      0.078125,
      0,
      0,
      -0.078125,
      10,
      80.3125,
    ],
    "type": "lineTo",
  },
  {
    "props": {
      "x": 473,
      "y": 552,
    },
    "transform": [
      0.078125,
      0,
      0,
      -0.078125,
      10,
      80.3125,
    ],
    "type": "lineTo",
  },
  {
    "props": {
      "x": 408,
      "y": 416,
    },
    "transform": [
      0.078125,
      0,
      0,
      -0.078125,
      10,
      80.3125,
    ],
    "type": "lineTo",
  },
  {
    "props": {
      "x": 328,
      "y": 303,
    },
    "transform": [
      0.078125,
      0,
      0,
      -0.078125,
      10,
      80.3125,
    ],
    "type": "lineTo",
  },
  {
    "props": {
      "x": 271,
      "y": 244,
    },
    "transform": [
      0.078125,
      0,
      0,
      -0.078125,
      10,
      80.3125,
    ],
    "type": "lineTo",
  },
  {
    "props": {
      "x": 144,
      "y": 139,
    },
    "transform": [
      0.078125,
      0,
      0,
      -0.078125,
      10,
      80.3125,
    ],
    "type": "lineTo",
  },
  {
    "props": {
      "x": 72,
      "y": 95,
    },
    "transform": [
      0.078125,
      0,
      0,
      -0.078125,
      10,
      80.3125,
    ],
    "type": "lineTo",
  },
  {
    "props": {
      "path": [
        {
          "props": {},
          "transform": [
            0.078125,
            0,
            0,
            -0.078125,
            10,
            80.3125,
          ],
          "type": "beginPath",
        },
        {
          "props": {
            "x": 423.7609549522482,
            "y": 816.5651012649424,
          },
          "transform": [
            0.078125,
            0,
            0,
            -0.078125,
            10,
            80.3125,
          ],
          "type": "moveTo",
        },
        {
          "props": {
            "x": 508,
            "y": 702,
          },
          "transform": [
            0.078125,
            0,
            0,
            -0.078125,
            10,
            80.3125,
          ],
          "type": "lineTo",
        },
        {
          "props": {
            "x": 511,
            "y": 678,
          },
          "transform": [
            0.078125,
            0,
            0,
            -0.078125,
            10,
            80.3125,
          ],
          "type": "lineTo",
        },
        {
          "props": {
            "x": 473,
            "y": 552,
          },
          "transform": [
            0.078125,
            0,
            0,
            -0.078125,
            10,
            80.3125,
          ],
          "type": "lineTo",
        },
        {
          "props": {
            "x": 408,
            "y": 416,
          },
          "transform": [
            0.078125,
            0,
            0,
            -0.078125,
            10,
            80.3125,
          ],
          "type": "lineTo",
        },
        {
          "props": {
            "x": 328,
            "y": 303,
          },
          "transform": [
            0.078125,
            0,
            0,
            -0.078125,
            10,
            80.3125,
          ],
          "type": "lineTo",
        },
        {
          "props": {
            "x": 271,
            "y": 244,
          },
          "transform": [
            0.078125,
            0,
            0,
            -0.078125,
            10,
            80.3125,
          ],
          "type": "lineTo",
        },
        {
          "props": {
            "x": 144,
            "y": 139,
          },
          "transform": [
            0.078125,
            0,
            0,
            -0.078125,
            10,
            80.3125,
          ],
          "type": "lineTo",
        },
        {
          "props": {
            "x": 72,
            "y": 95,
          },
          "transform": [
            0.078125,
            0,
            0,
            -0.078125,
            10,
            80.3125,
          ],
          "type": "lineTo",
        },
      ],
    },
    "transform": [
      0.078125,
      0,
      0,
      -0.078125,
      10,
      80.3125,
    ],
    "type": "stroke",
  },
  {
    "props": {},
    "transform": [
      0.078125,
      0,
      0,
      -0.078125,
      10,
      80.3125,
    ],
    "type": "restore",
  },
  {
    "props": {},
    "transform": [
      0.078125,
      0,
      0,
      -0.078125,
      10,
      80.3125,
    ],
    "type": "save",
  },
  {
    "props": {
      "fillRule": "nonzero",
      "path": [],
    },
    "transform": [
      0.078125,
      0,
      0,
      -0.078125,
      10,
      80.3125,
    ],
    "type": "clip",
  },
  {
    "props": {
      "value": 0.7,
    },
    "transform": [
      0.078125,
      0,
      0,
      -0.078125,
      10,
      80.3125,
    ],
    "type": "globalAlpha",
  },
  {
    "props": {
      "value": "rgba(255, 100, 10, 0.9)",
    },
    "transform": [
      0.078125,
      0,
      0,
      -0.078125,
      10,
      80.3125,
    ],
    "type": "strokeStyle",
  },
  {
    "props": {
      "value": "rgba(255, 100, 10, 0.9)",
    },
    "transform": [
      0.078125,
      0,
      0,
      -0.078125,
      10,
      80.3125,
    ],
    "type": "fillStyle",
  },
  {
    "props": {
      "value": 200,
    },
    "transform": [
      0.078125,
      0,
      0,
      -0.078125,
      10,
      80.3125,
    ],
    "type": "lineWidth",
  },
  {
    "props": {
      "value": "round",
    },
    "transform": [
      0.078125,
      0,
      0,
      -0.078125,
      10,
      80.3125,
    ],
    "type": "lineCap",
  },
  {
    "props": {
      "value": "round",
    },
    "transform": [
      0.078125,
      0,
      0,
      -0.078125,
      10,
      80.3125,
    ],
    "type": "lineJoin",
  },
  {
    "props": {
      "segments": [
        779.7155627376544,
        779.7155627376544,
      ],
    },
    "transform": [
      0.078125,
      0,
      0,
      -0.078125,
      10,
      80.3125,
    ],
    "type": "setLineDash",
  },
  {
    "props": {
      "value": 0,
    },
    "transform": [
      0.078125,
      0,
      0,
      -0.078125,
      10,
      80.3125,
    ],
    "type": "lineDashOffset",
  },
  {
    "props": {},
    "transform": [
      0.078125,
      0,
      0,
      -0.078125,
      10,
      80.3125,
    ],
    "type": "beginPath",
  },
  {
    "props": {
      "x": 457.56010126946427,
      "y": 575.6393923832144,
    },
    "transform": [
      0.078125,
      0,
      0,
      -0.078125,
      10,
      80.3125,
    ],
    "type": "moveTo",
  },
  {
    "props": {
      "x": 477,
      "y": 459,
    },
    "transform": [
      0.078125,
      0,
      0,
      -0.078125,
      10,
      80.3125,
    ],
    "type": "lineTo",
  },
  {
    "props": {
      "x": 490,
      "y": 439,
    },
    "transform": [
      0.078125,
      0,
      0,
      -0.078125,
      10,
      80.3125,
    ],
    "type": "lineTo",
  },
  {
    "props": {
      "x": 571,
      "y": 333,
    },
    "transform": [
      0.078125,
      0,
      0,
      -0.078125,
      10,
      80.3125,
    ],
    "type": "lineTo",
  },
  {
    "props": {
      "x": 691,
      "y": 200,
    },
    "transform": [
      0.078125,
      0,
      0,
      -0.078125,
      10,
      80.3125,
    ],
    "type": "lineTo",
  },
  {
    "props": {
      "x": 753,
      "y": 145,
    },
    "transform": [
      0.078125,
      0,
      0,
      -0.078125,
      10,
      80.3125,
    ],
    "type": "lineTo",
  },
  {
    "props": {
      "x": 798,
      "y": 119,
    },
    "transform": [
      0.078125,
      0,
      0,
      -0.078125,
      10,
      80.3125,
    ],
    "type": "lineTo",
  },
  {
    "props": {
      "x": 986,
      "y": 90,
    },
    "transform": [
      0.078125,
      0,
      0,
      -0.078125,
      10,
      80.3125,
    ],
    "type": "lineTo",
  },
  {
    "props": {
      "path": [
        {
          "props": {},
          "transform": [
            0.078125,
            0,
            0,
            -0.078125,
            10,
            80.3125,
          ],
          "type": "beginPath",
        },
        {
          "props": {
            "x": 457.56010126946427,
            "y": 575.6393923832144,
          },
          "transform": [
            0.078125,
            0,
            0,
            -0.078125,
            10,
            80.3125,
          ],
          "type": "moveTo",
        },
        {
          "props": {
            "x": 477,
            "y": 459,
          },
          "transform": [
            0.078125,
            0,
            0,
            -0.078125,
            10,
            80.3125,
          ],
          "type": "lineTo",
        },
        {
          "props": {
            "x": 490,
            "y": 439,
          },
          "transform": [
            0.078125,
            0,
            0,
            -0.078125,
            10,
            80.3125,
          ],
          "type": "lineTo",
        },
        {
          "props": {
            "x": 571,
            "y": 333,
          },
          "transform": [
            0.078125,
            0,
            0,
            -0.078125,
            10,
            80.3125,
          ],
          "type": "lineTo",
        },
        {
          "props": {
            "x": 691,
            "y": 200,
          },
          "transform": [
            0.078125,
            0,
            0,
            -0.078125,
            10,
            80.3125,
          ],
          "type": "lineTo",
        },
        {
          "props": {
            "x": 753,
            "y": 145,
          },
          "transform": [
            0.078125,
            0,
            0,
            -0.078125,
            10,
            80.3125,
          ],
          "type": "lineTo",
        },
        {
          "props": {
            "x": 798,
            "y": 119,
          },
          "transform": [
            0.078125,
            0,
            0,
            -0.078125,
            10,
            80.3125,
          ],
          "type": "lineTo",
        },
        {
          "props": {
            "x": 986,
            "y": 90,
          },
          "transform": [
            0.078125,
            0,
            0,
            -0.078125,
            10,
            80.3125,
          ],
          "type": "lineTo",
        },
      ],
    },
    "transform": [
      0.078125,
      0,
      0,
      -0.078125,
      10,
      80.3125,
    ],
    "type": "stroke",
  },
  {
    "props": {},
    "transform": [
      0.078125,
      0,
      0,
      -0.078125,
      10,
      80.3125,
    ],
    "type": "restore",
  },
  {
    "props": {},
    "transform": [
      0.078125,
      0,
      0,
      -0.078125,
      10,
      80.3125,
    ],
    "type": "save",
  },
  {
    "props": {
      "fillRule": "nonzero",
      "path": [],
    },
    "transform": [
      0.078125,
      0,
      0,
      -0.078125,
      10,
      80.3125,
    ],
    "type": "clip",
  },
  {
    "props": {
      "value": 0.7,
    },
    "transform": [
      0.078125,
      0,
      0,
      -0.078125,
      10,
      80.3125,
    ],
    "type": "globalAlpha",
  },
  {
    "props": {
      "value": "#0000ff",
    },
    "transform": [
      0.078125,
      0,
      0,
      -0.078125,
      10,
      80.3125,
    ],
    "type": "strokeStyle",
  },
  {
    "props": {
      "value": "#0000ff",
    },
    "transform": [
      0.078125,
      0,
      0,
      -0.078125,
      10,
      80.3125,
    ],
    "type": "fillStyle",
  },
  {
    "props": {
      "value": 200,
    },
    "transform": [
      0.078125,
      0,
      0,
      -0.078125,
      10,
      80.3125,
    ],
    "type": "lineWidth",
  },
  {
    "props": {
      "value": "round",
    },
    "transform": [
      0.078125,
      0,
      0,
      -0.078125,
      10,
      80.3125,
    ],
    "type": "lineCap",
  },
  {
    "props": {
      "value": "round",
    },
    "transform": [
      0.078125,
      0,
      0,
      -0.078125,
      10,
      80.3125,
    ],
    "type": "lineJoin",
  },
  {
    "props": {
      "segments": [
        918.3825419953906,
        918.3825419953906,
      ],
    },
    "transform": [
      0.078125,
      0,
      0,
      -0.078125,
      10,
      80.3125,
    ],
    "type": "setLineDash",
  },
  {
    "props": {
      "value": 0,
    },
    "transform": [
      0.078125,
      0,
      0,
      -0.078125,
      10,
      80.3125,
    ],
    "type": "lineDashOffset",
  },
  {
    "props": {},
    "transform": [
      0.078125,
      0,
      0,
      -0.078125,
      10,
      80.3125,
    ],
    "type": "beginPath",
  },
  {
    "props": {
      "x": 423.7609549522482,
      "y": 816.5651012649424,
    },
    "transform": [
      0.078125,
      0,
      0,
      -0.078125,
      10,
      80.3125,
    ],
    "type": "moveTo",
  },
  {
    "props": {
      "x": 508,
      "y": 702,
    },
    "transform": [
      0.078125,
      0,
      0,
      -0.078125,
      10,
      80.3125,
    ],
    "type": "lineTo",
  },
  {
    "props": {
      "x": 511,
      "y": 678,
    },
    "transform": [
      0.078125,
      0,
      0,
      -0.078125,
      10,
      80.3125,
    ],
    "type": "lineTo",
  },
  {
    "props": {
      "x": 473,
      "y": 552,
    },
    "transform": [
      0.078125,
      0,
      0,
      -0.078125,
      10,
      80.3125,
    ],
    "type": "lineTo",
  },
  {
    "props": {
      "x": 408,
      "y": 416,
    },
    "transform": [
      0.078125,
      0,
      0,
      -0.078125,
      10,
      80.3125,
    ],
    "type": "lineTo",
  },
  {
    "props": {
      "x": 328,
      "y": 303,
    },
    "transform": [
      0.078125,
      0,
      0,
      -0.078125,
      10,
      80.3125,
    ],
    "type": "lineTo",
  },
  {
    "props": {
      "x": 271,
      "y": 244,
    },
    "transform": [
      0.078125,
      0,
      0,
      -0.078125,
      10,
      80.3125,
    ],
    "type": "lineTo",
  },
  {
    "props": {
      "x": 144,
      "y": 139,
    },
    "transform": [
      0.078125,
      0,
      0,
      -0.078125,
      10,
      80.3125,
    ],
    "type": "lineTo",
  },
  {
    "props": {
      "x": 72,
      "y": 95,
    },
    "transform": [
      0.078125,
      0,
      0,
      -0.078125,
      10,
      80.3125,
    ],
    "type": "lineTo",
  },
  {
    "props": {
      "path": [
        {
          "props": {},
          "transform": [
            0.078125,
            0,
            0,
            -0.078125,
            10,
            80.3125,
          ],
          "type": "beginPath",
        },
        {
          "props": {
            "x": 423.7609549522482,
            "y": 816.5651012649424,
          },
          "transform": [
            0.078125,
            0,
            0,
            -0.078125,
            10,
            80.3125,
          ],
          "type": "moveTo",
        },
        {
          "props": {
            "x": 508,
            "y": 702,
          },
          "transform": [
            0.078125,
            0,
            0,
            -0.078125,
            10,
            80.3125,
          ],
          "type": "lineTo",
        },
        {
          "props": {
            "x": 511,
            "y": 678,
          },
          "transform": [
            0.078125,
            0,
            0,
            -0.078125,
            10,
            80.3125,
          ],
          "type": "lineTo",
        },
        {
          "props": {
            "x": 473,
            "y": 552,
          },
          "transform": [
            0.078125,
            0,
            0,
            -0.078125,
            10,
            80.3125,
          ],
          "type": "lineTo",
        },
        {
          "props": {
            "x": 408,
            "y": 416,
          },
          "transform": [
            0.078125,
            0,
            0,
            -0.078125,
            10,
            80.3125,
          ],
          "type": "lineTo",
        },
        {
          "props": {
            "x": 328,
            "y": 303,
          },
          "transform": [
            0.078125,
            0,
            0,
            -0.078125,
            10,
            80.3125,
          ],
          "type": "lineTo",
        },
        {
          "props": {
            "x": 271,
            "y": 244,
          },
          "transform": [
            0.078125,
            0,
            0,
            -0.078125,
            10,
            80.3125,
          ],
          "type": "lineTo",
        },
        {
          "props": {
            "x": 144,
            "y": 139,
          },
          "transform": [
            0.078125,
            0,
            0,
            -0.078125,
            10,
            80.3125,
          ],
          "type": "lineTo",
        },
        {
          "props": {
            "x": 72,
            "y": 95,
          },
          "transform": [
            0.078125,
            0,
            0,
            -0.078125,
            10,
            80.3125,
          ],
          "type": "lineTo",
        },
      ],
    },
    "transform": [
      0.078125,
      0,
      0,
      -0.078125,
      10,
      80.3125,
    ],
    "type": "stroke",
  },
  {
    "props": {},
    "transform": [
      0.078125,
      0,
      0,
      -0.078125,
      10,
      80.3125,
    ],
    "type": "restore",
  },
  {
    "props": {},
    "transform": [
      0.078125,
      0,
      0,
      -0.078125,
      10,
      80.3125,
    ],
    "type": "save",
  },
  {
    "props": {
      "fillRule": "nonzero",
      "path": [],
    },
    "transform": [
      0.078125,
      0,
      0,
      -0.078125,
      10,
      80.3125,
    ],
    "type": "clip",
  },
  {
    "props": {
      "value": 0.7,
    },
    "transform": [
      0.078125,
      0,
      0,
      -0.078125,
      10,
      80.3125,
    ],
    "type": "globalAlpha",
  },
  {
    "props": {
      "value": "#0000ff",
    },
    "transform": [
      0.078125,
      0,
      0,
      -0.078125,
      10,
      80.3125,
    ],
    "type": "strokeStyle",
  },
  {
    "props": {
      "value": "#0000ff",
    },
    "transform": [
      0.078125,
      0,
      0,
      -0.078125,
      10,
      80.3125,
    ],
    "type": "fillStyle",
  },
  {
    "props": {
      "value": 200,
    },
    "transform": [
      0.078125,
      0,
      0,
      -0.078125,
      10,
      80.3125,
    ],
    "type": "lineWidth",
  },
  {
    "props": {
      "value": "round",
    },
    "transform": [
      0.078125,
      0,
      0,
      -0.078125,
      10,
      80.3125,
    ],
    "type": "lineCap",
  },
  {
    "props": {
      "value": "round",
    },
    "transform": [
      0.078125,
      0,
      0,
      -0.078125,
      10,
      80.3125,
    ],
    "type": "lineJoin",
  },
  {
    "props": {
      "segments": [
        779.7155627376544,
        779.7155627376544,
      ],
    },
    "transform": [
      0.078125,
      0,
      0,
      -0.078125,
      10,
      80.3125,
    ],
    "type": "setLineDash",
  },
  {
    "props": {
      "value": 0,
    },
    "transform": [
      0.078125,
      0,
      0,
      -0.078125,
      10,
      80.3125,
    ],
    "type": "lineDashOffset",
  },
  {
    "props": {},
    "transform": [
      0.078125,
      0,
      0,
      -0.078125,
      10,
      80.3125,
    ],
    "type": "beginPath",
  },
  {
    "props": {
      "x": 457.56010126946427,
      "y": 575.6393923832144,
    },
    "transform": [
      0.078125,
      0,
      0,
      -0.078125,
      10,
      80.3125,
    ],
    "type": "moveTo",
  },
  {
    "props": {
      "x": 477,
      "y": 459,
    },
    "transform": [
      0.078125,
      0,
      0,
      -0.078125,
      10,
      80.3125,
    ],
    "type": "lineTo",
  },
  {
    "props": {
      "x": 490,
      "y": 439,
    },
    "transform": [
      0.078125,
      0,
      0,
      -0.078125,
      10,
      80.3125,
    ],
    "type": "lineTo",
  },
  {
    "props": {
      "x": 571,
      "y": 333,
    },
    "transform": [
      0.078125,
      0,
      0,
      -0.078125,
      10,
      80.3125,
    ],
    "type": "lineTo",
  },
  {
    "props": {
      "x": 691,
      "y": 200,
    },
    "transform": [
      0.078125,
      0,
      0,
      -0.078125,
      10,
      80.3125,
    ],
    "type": "lineTo",
  },
  {
    "props": {
      "x": 753,
      "y": 145,
    },
    "transform": [
      0.078125,
      0,
      0,
      -0.078125,
      10,
      80.3125,
    ],
    "type": "lineTo",
  },
  {
    "props": {
      "x": 798,
      "y": 119,
    },
    "transform": [
      0.078125,
      0,
      0,
      -0.078125,
      10,
      80.3125,
    ],
    "type": "lineTo",
  },
  {
    "props": {
      "x": 986,
      "y": 90,
    },
    "transform": [
      0.078125,
      0,
      0,
      -0.078125,
      10,
      80.3125,
    ],
    "type": "lineTo",
  },
  {
    "props": {
      "path": [
        {
          "props": {},
          "transform": [
            0.078125,
            0,
            0,
            -0.078125,
            10,
            80.3125,
          ],
          "type": "beginPath",
        },
        {
          "props": {
            "x": 457.56010126946427,
            "y": 575.6393923832144,
          },
          "transform": [
            0.078125,
            0,
            0,
            -0.078125,
            10,
            80.3125,
          ],
          "type": "moveTo",
        },
        {
          "props": {
            "x": 477,
            "y": 459,
          },
          "transform": [
            0.078125,
            0,
            0,
            -0.078125,
            10,
            80.3125,
          ],
          "type": "lineTo",
        },
        {
          "props": {
            "x": 490,
            "y": 439,
          },
          "transform": [
            0.078125,
            0,
            0,
            -0.078125,
            10,
            80.3125,
          ],
          "type": "lineTo",
        },
        {
          "props": {
            "x": 571,
            "y": 333,
          },
          "transform": [
            0.078125,
            0,
            0,
            -0.078125,
            10,
            80.3125,
          ],
          "type": "lineTo",
        },
        {
          "props": {
            "x": 691,
            "y": 200,
          },
          "transform": [
            0.078125,
            0,
            0,
            -0.078125,
            10,
            80.3125,
          ],
          "type": "lineTo",
        },
        {
          "props": {
            "x": 753,
            "y": 145,
          },
          "transform": [
            0.078125,
            0,
            0,
            -0.078125,
            10,
            80.3125,
          ],
          "type": "lineTo",
        },
        {
          "props": {
            "x": 798,
            "y": 119,
          },
          "transform": [
            0.078125,
            0,
            0,
            -0.078125,
            10,
            80.3125,
          ],
          "type": "lineTo",
        },
        {
          "props": {
            "x": 986,
            "y": 90,
          },
          "transform": [
            0.078125,
            0,
            0,
            -0.078125,
            10,
            80.3125,
          ],
          "type": "lineTo",
        },
      ],
    },
    "transform": [
      0.078125,
      0,
      0,
      -0.078125,
      10,
      80.3125,
    ],
    "type": "stroke",
  },
  {
    "props": {},
    "transform": [
      0.078125,
      0,
      0,
      -0.078125,
      10,
      80.3125,
    ],
    "type": "restore",
  },
  {
    "props": {},
    "transform": [
      1,
      0,
      0,
      1,
      0,
      0,
    ],
    "type": "restore",
  },
]
`;

exports[`ScribingRenderer renders the character and user strokes into the target 1`] = `
[
  {
    "props": {
      "height": 100,
      "width": 100,
      "x": 0,
      "y": 0,
    },
    "transform": [
      1,
      0,
      0,
      1,
      0,
      0,
    ],
    "type": "clearRect",
  },
  {
    "props": {},
    "transform": [
      1,
      0,
      0,
      1,
      0,
      0,
    ],
    "type": "save",
  },
  {
    "props": {
      "x": 10,
      "y": 80.3125,
    },
    "transform": [
      1,
      0,
      0,
      1,
      10,
      80.3125,
    ],
    "type": "translate",
  },
  {
    "props": {
      "a": 1,
      "b": 0,
      "c": 0,
      "d": -1,
      "e": 0,
      "f": 0,
    },
    "transform": [
      1,
      0,
      0,
      -1,
      10,
      80.3125,
    ],
    "type": "transform",
  },
  {
    "props": {
      "x": 0.078125,
      "y": 0.078125,
    },
    "transform": [
      0.078125,
      0,
      0,
      -0.078125,
      10,
      80.3125,
    ],
    "type": "scale",
  },
  {
    "props": {},
    "transform": [
      0.078125,
      0,
      0,
      -0.078125,
      10,
      80.3125,
    ],
    "type": "save",
  },
  {
    "props": {
      "fillRule": "nonzero",
      "path": [],
    },
    "transform": [
      0.078125,
      0,
      0,
      -0.078125,
      10,
      80.3125,
    ],
    "type": "clip",
  },
  {
    "props": {
      "value": 0.7,
    },
    "transform": [
      0.078125,
      0,
      0,
      -0.078125,
      10,
      80.3125,
    ],
    "type": "globalAlpha",
  },
  {
    "props": {
      "value": "rgba(255, 150, 100, 0.7)",
    },
    "transform": [
      0.078125,
      0,
      0,
      -0.078125,
      10,
      80.3125,
    ],
    "type": "strokeStyle",
  },
  {
    "props": {
      "value": "rgba(255, 150, 100, 0.7)",
    },
    "transform": [
      0.078125,
      0,
      0,
      -0.078125,
      10,
      80.3125,
    ],
    "type": "fillStyle",
  },
  {
    "props": {
      "value": 200,
    },
    "transform": [
      0.078125,
      0,
      0,
      -0.078125,
      10,
      80.3125,
    ],
    "type": "lineWidth",
  },
  {
    "props": {
      "value": "round",
    },
    "transform": [
      0.078125,
      0,
      0,
      -0.078125,
      10,
      80.3125,
    ],
    "type": "lineCap",
  },
  {
    "props": {
      "value": "round",
    },
    "transform": [
      0.078125,
      0,
      0,
      -0.078125,
      10,
      80.3125,
    ],
    "type": "lineJoin",
  },
  {
    "props": {
      "segments": [
        918.3825419953906,
        918.3825419953906,
      ],
    },
    "transform": [
      0.078125,
      0,
      0,
      -0.078125,
      10,
      80.3125,
    ],
    "type": "setLineDash",
  },
  {
    "props": {
      "value": 0,
    },
    "transform": [
      0.078125,
      0,
      0,
      -0.078125,
      10,
      80.3125,
    ],
    "type": "lineDashOffset",
  },
  {
    "props": {},
    "transform": [
      0.078125,
      0,
      0,
      -0.078125,
      10,
      80.3125,
    ],
    "type": "beginPath",
  },
  {
    "props": {
      "x": 423.7609549522482,
      "y": 816.5651012649424,
    },
    "transform": [
      0.078125,
      0,
      0,
      -0.078125,
      10,
      80.3125,
    ],
    "type": "moveTo",
  },
  {
    "props": {
      "x": 508,
      "y": 702,
    },
    "transform": [
      0.078125,
      0,
      0,
      -0.078125,
      10,
      80.3125,
    ],
    "type": "lineTo",
  },
  {
    "props": {
      "x": 511,
      "y": 678,
    },
    "transform": [
      0.078125,
      0,
      0,
      -0.078125,
      10,
      80.3125,
    ],
    "type": "lineTo",
  },
  {
    "props": {
      "x": 473,
      "y": 552,
    },
    "transform": [
      0.078125,
      0,
      0,
      -0.078125,
      10,
      80.3125,
    ],
    "type": "lineTo",
  },
  {
    "props": {
      "x": 408,
      "y": 416,
    },
    "transform": [
      0.078125,
      0,
      0,
      -0.078125,
      10,
      80.3125,
    ],
    "type": "lineTo",
  },
  {
    "props": {
      "x": 328,
      "y": 303,
    },
    "transform": [
      0.078125,
      0,
      0,
      -0.078125,
      10,
      80.3125,
    ],
    "type": "lineTo",
  },
  {
    "props": {
      "x": 271,
      "y": 244,
    },
    "transform": [
      0.078125,
      0,
      0,
      -0.078125,
      10,
      80.3125,
    ],
    "type": "lineTo",
  },
  {
    "props": {
      "x": 144,
      "y": 139,
    },
    "transform": [
      0.078125,
      0,
      0,
      -0.078125,
      10,
      80.3125,
    ],
    "type": "lineTo",
  },
  {
    "props": {
      "x": 72,
      "y": 95,
    },
    "transform": [
      0.078125,
      0,
      0,
      -0.078125,
      10,
      80.3125,
    ],
    "type": "lineTo",
  },
  {
    "props": {
      "path": [
        {
          "props": {},
          "transform": [
            0.078125,
            0,
            0,
            -0.078125,
            10,
            80.3125,
          ],
          "type": "beginPath",
        },
        {
          "props": {
            "x": 423.7609549522482,
            "y": 816.5651012649424,
          },
          "transform": [
            0.078125,
            0,
            0,
            -0.078125,
            10,
            80.3125,
          ],
          "type": "moveTo",
        },
        {
          "props": {
            "x": 508,
            "y": 702,
          },
          "transform": [
            0.078125,
            0,
            0,
            -0.078125,
            10,
            80.3125,
          ],
          "type": "lineTo",
        },
        {
          "props": {
            "x": 511,
            "y": 678,
          },
          "transform": [
            0.078125,
            0,
            0,
            -0.078125,
            10,
            80.3125,
          ],
          "type": "lineTo",
        },
        {
          "props": {
            "x": 473,
            "y": 552,
          },
          "transform": [
            0.078125,
            0,
            0,
            -0.078125,
            10,
            80.3125,
          ],
          "type": "lineTo",
        },
        {
          "props": {
            "x": 408,
            "y": 416,
          },
          "transform": [
            0.078125,
            0,
            0,
            -0.078125,
            10,
            80.3125,
          ],
          "type": "lineTo",
        },
        {
          "props": {
            "x": 328,
            "y": 303,
          },
          "transform": [
            0.078125,
            0,
            0,
            -0.078125,
            10,
            80.3125,
          ],
          "type": "lineTo",
        },
        {
          "props": {
            "x": 271,
            "y": 244,
          },
          "transform": [
            0.078125,
            0,
            0,
            -0.078125,
            10,
            80.3125,
          ],
          "type": "lineTo",
        },
        {
          "props": {
            "x": 144,
            "y": 139,
          },
          "transform": [
            0.078125,
            0,
            0,
            -0.078125,
            10,
            80.3125,
          ],
          "type": "lineTo",
        },
        {
          "props": {
            "x": 72,
            "y": 95,
          },
          "transform": [
            0.078125,
            0,
            0,
            -0.078125,
            10,
            80.3125,
          ],
          "type": "lineTo",
        },
      ],
    },
    "transform": [
      0.078125,
      0,
      0,
      -0.078125,
      10,
      80.3125,
    ],
    "type": "stroke",
  },
  {
    "props": {},
    "transform": [
      0.078125,
      0,
      0,
      -0.078125,
      10,
      80.3125,
    ],
    "type": "restore",
  },
  {
    "props": {},
    "transform": [
      0.078125,
      0,
      0,
      -0.078125,
      10,
      80.3125,
    ],
    "type": "save",
  },
  {
    "props": {
      "fillRule": "nonzero",
      "path": [],
    },
    "transform": [
      0.078125,
      0,
      0,
      -0.078125,
      10,
      80.3125,
    ],
    "type": "clip",
  },
  {
    "props": {
      "value": 0.7,
    },
    "transform": [
      0.078125,
      0,
      0,
      -0.078125,
      10,
      80.3125,
    ],
    "type": "globalAlpha",
  },
  {
    "props": {
      "value": "rgba(255, 150, 100, 0.7)",
    },
    "transform": [
      0.078125,
      0,
      0,
      -0.078125,
      10,
      80.3125,
    ],
    "type": "strokeStyle",
  },
  {
    "props": {
      "value": "rgba(255, 150, 100, 0.7)",
    },
    "transform": [
      0.078125,
      0,
      0,
      -0.078125,
      10,
      80.3125,
    ],
    "type": "fillStyle",
  },
  {
    "props": {
      "value": 200,
    },
    "transform": [
      0.078125,
      0,
      0,
      -0.078125,
      10,
      80.3125,
    ],
    "type": "lineWidth",
  },
  {
    "props": {
      "value": "round",
    },
    "transform": [
      0.078125,
      0,
      0,
      -0.078125,
      10,
      80.3125,
    ],
    "type": "lineCap",
  },
  {
    "props": {
      "value": "round",
    },
    "transform": [
      0.078125,
      0,
      0,
      -0.078125,
      10,
      80.3125,
    ],
    "type": "lineJoin",
  },
  {
    "props": {
      "segments": [
        779.7155627376544,
        779.7155627376544,
      ],
    },
    "transform": [
      0.078125,
      0,
      0,
      -0.078125,
      10,
      80.3125,
    ],
    "type": "setLineDash",
  },
  {
    "props": {
      "value": 0,
    },
    "transform": [
      0.078125,
      0,
      0,
      -0.078125,
      10,
      80.3125,
    ],
    "type": "lineDashOffset",
  },
  {
    "props": {},
    "transform": [
      0.078125,
      0,
      0,
      -0.078125,
      10,
      80.3125,
    ],
    "type": "beginPath",
  },
  {
    "props": {
      "x": 457.56010126946427,
      "y": 575.6393923832144,
    },
    "transform": [
      0.078125,
      0,
      0,
      -0.078125,
      10,
      80.3125,
    ],
    "type": "moveTo",
  },
  {
    "props": {
      "x": 477,
      "y": 459,
    },
    "transform": [
      0.078125,
      0,
      0,
      -0.078125,
      10,
      80.3125,
    ],
    "type": "lineTo",
  },
  {
    "props": {
      "x": 490,
      "y": 439,
    },
    "transform": [
      0.078125,
      0,
      0,
      -0.078125,
      10,
      80.3125,
    ],
    "type": "lineTo",
  },
  {
    "props": {
      "x": 571,
      "y": 333,
    },
    "transform": [
      0.078125,
      0,
      0,
      -0.078125,
      10,
      80.3125,
    ],
    "type": "lineTo",
  },
  {
    "props": {
      "x": 691,
      "y": 200,
    },
    "transform": [
      0.078125,
      0,
      0,
      -0.078125,
      10,
      80.3125,
    ],
    "type": "lineTo",
  },
  {
    "props": {
      "x": 753,
      "y": 145,
    },
    "transform": [
      0.078125,
      0,
      0,
      -0.078125,
      10,
      80.3125,
    ],
    "type": "lineTo",
  },
  {
    "props": {
      "x": 798,
      "y": 119,
    },
    "transform": [
      0.078125,
      0,
      0,
      -0.078125,
      10,
      80.3125,
    ],
    "type": "lineTo",
  },
  {
    "props": {
      "x": 986,
      "y": 90,
    },
    "transform": [
      0.078125,
      0,
      0,
      -0.078125,
      10,
      80.3125,
    ],
    "type": "lineTo",
  },
  {
    "props": {
      "path": [
        {
          "props": {},
          "transform": [
            0.078125,
            0,
            0,
            -0.078125,
            10,
            80.3125,
          ],
          "type": "beginPath",
        },
        {
          "props": {
            "x": 457.56010126946427,
            "y": 575.6393923832144,
          },
          "transform": [
            0.078125,
            0,
            0,
            -0.078125,
            10,
            80.3125,
          ],
          "type": "moveTo",
        },
        {
          "props": {
            "x": 477,
            "y": 459,
          },
          "transform": [
            0.078125,
            0,
            0,
            -0.078125,
            10,
            80.3125,
          ],
          "type": "lineTo",
        },
        {
          "props": {
            "x": 490,
            "y": 439,
          },
          "transform": [
            0.078125,
            0,
            0,
            -0.078125,
            10,
            80.3125,
          ],
          "type": "lineTo",
        },
        {
          "props": {
            "x": 571,
            "y": 333,
          },
          "transform": [
            0.078125,
            0,
            0,
            -0.078125,
            10,
            80.3125,
          ],
          "type": "lineTo",
        },
        {
          "props": {
            "x": 691,
            "y": 200,
          },
          "transform": [
            0.078125,
            0,
            0,
            -0.078125,
            10,
            80.3125,
          ],
          "type": "lineTo",
        },
        {
          "props": {
            "x": 753,
            "y": 145,
          },
          "transform": [
            0.078125,
            0,
            0,
            -0.078125,
            10,
            80.3125,
          ],
          "type": "lineTo",
        },
        {
          "props": {
            "x": 798,
            "y": 119,
          },
          "transform": [
            0.078125,
            0,
            0,
            -0.078125,
            10,
            80.3125,
          ],
          "type": "lineTo",
        },
        {
          "props": {
            "x": 986,
            "y": 90,
          },
          "transform": [
            0.078125,
            0,
            0,
            -0.078125,
            10,
            80.3125,
          ],
          "type": "lineTo",
        },
      ],
    },
    "transform": [
      0.078125,
      0,
      0,
      -0.078125,
      10,
      80.3125,
    ],
    "type": "stroke",
  },
  {
    "props": {},
    "transform": [
      0.078125,
      0,
      0,
      -0.078125,
      10,
      80.3125,
    ],
    "type": "restore",
  },
  {
    "props": {},
    "transform": [
      0.078125,
      0,
      0,
      -0.078125,
      10,
      80.3125,
    ],
    "type": "save",
  },
  {
    "props": {
      "fillRule": "nonzero",
      "path": [],
    },
    "transform": [
      0.078125,
      0,
      0,
      -0.078125,
      10,
      80.3125,
    ],
    "type": "clip",
  },
  {
    "props": {
      "value": 0.7,
    },
    "transform": [
      0.078125,
      0,
      0,
      -0.078125,
      10,
      80.3125,
    ],
    "type": "globalAlpha",
  },
  {
    "props": {
      "value": "rgba(255, 100, 10, 0.9)",
    },
    "transform": [
      0.078125,
      0,
      0,
      -0.078125,
      10,
      80.3125,
    ],
    "type": "strokeStyle",
  },
  {
    "props": {
      "value": "rgba(255, 100, 10, 0.9)",
    },
    "transform": [
      0.078125,
      0,
      0,
      -0.078125,
      10,
      80.3125,
    ],
    "type": "fillStyle",
  },
  {
    "props": {
      "value": 200,
    },
    "transform": [
      0.078125,
      0,
      0,
      -0.078125,
      10,
      80.3125,
    ],
    "type": "lineWidth",
  },
  {
    "props": {
      "value": "round",
    },
    "transform": [
      0.078125,
      0,
      0,
      -0.078125,
      10,
      80.3125,
    ],
    "type": "lineCap",
  },
  {
    "props": {
      "value": "round",
    },
    "transform": [
      0.078125,
      0,
      0,
      -0.078125,
      10,
      80.3125,
    ],
    "type": "lineJoin",
  },
  {
    "props": {
      "segments": [
        918.3825419953906,
        918.3825419953906,
      ],
    },
    "transform": [
      0.078125,
      0,
      0,
      -0.078125,
      10,
      80.3125,
    ],
    "type": "setLineDash",
  },
  {
    "props": {
      "value": 0,
    },
    "transform": [
      0.078125,
      0,
      0,
      -0.078125,
      10,
      80.3125,
    ],
    "type": "lineDashOffset",
  },
  {
    "props": {},
    "transform": [
      0.078125,
      0,
      0,
      -0.078125,
      10,
      80.3125,
    ],
    "type": "beginPath",
  },
  {
    "props": {
      "x": 423.7609549522482,
      "y": 816.5651012649424,
    },
    "transform": [
      0.078125,
      0,
      0,
      -0.078125,
      10,
      80.3125,
    ],
    "type": "moveTo",
  },
  {
    "props": {
      "x": 508,
      "y": 702,
    },
    "transform": [
      0.078125,
      0,
      0,
      -0.078125,
      10,
      80.3125,
    ],
    "type": "lineTo",
  },
  {
    "props": {
      "x": 511,
      "y": 678,
    },
    "transform": [
      0.078125,
      0,
      0,
      -0.078125,
      10,
      80.3125,
    ],
    "type": "lineTo",
  },
  {
    "props": {
      "x": 473,
      "y": 552,
    },
    "transform": [
      0.078125,
      0,
      0,
      -0.078125,
      10,
      80.3125,
    ],
    "type": "lineTo",
  },
  {
    "props": {
      "x": 408,
      "y": 416,
    },
    "transform": [
      0.078125,
      0,
      0,
      -0.078125,
      10,
      80.3125,
    ],
    "type": "lineTo",
  },
  {
    "props": {
      "x": 328,
      "y": 303,
    },
    "transform": [
      0.078125,
      0,
      0,
      -0.078125,
      10,
      80.3125,
    ],
    "type": "lineTo",
  },
  {
    "props": {
      "x": 271,
      "y": 244,
    },
    "transform": [
      0.078125,
      0,
      0,
      -0.078125,
      10,
      80.3125,
    ],
    "type": "lineTo",
  },
  {
    "props": {
      "x": 144,
      "y": 139,
    },
    "transform": [
      0.078125,
      0,
      0,
      -0.078125,
      10,
      80.3125,
    ],
    "type": "lineTo",
  },
  {
    "props": {
      "x": 72,
      "y": 95,
    },
    "transform": [
      0.078125,
      0,
      0,
      -0.078125,
      10,
      80.3125,
    ],
    "type": "lineTo",
  },
  {
    "props": {
      "path": [
        {
          "props": {},
          "transform": [
            0.078125,
            0,
            0,
            -0.078125,
            10,
            80.3125,
          ],
          "type": "beginPath",
        },
        {
          "props": {
            "x": 423.7609549522482,
            "y": 816.5651012649424,
          },
          "transform": [
            0.078125,
            0,
            0,
            -0.078125,
            10,
            80.3125,
          ],
          "type": "moveTo",
        },
        {
          "props": {
            "x": 508,
            "y": 702,
          },
          "transform": [
            0.078125,
            0,
            0,
            -0.078125,
            10,
            80.3125,
          ],
          "type": "lineTo",
        },
        {
          "props": {
            "x": 511,
            "y": 678,
          },
          "transform": [
            0.078125,
            0,
            0,
            -0.078125,
            10,
            80.3125,
          ],
          "type": "lineTo",
        },
        {
          "props": {
            "x": 473,
            "y": 552,
          },
          "transform": [
            0.078125,
            0,
            0,
            -0.078125,
            10,
            80.3125,
          ],
          "type": "lineTo",
        },
        {
          "props": {
            "x": 408,
            "y": 416,
          },
          "transform": [
            0.078125,
            0,
            0,
            -0.078125,
            10,
            80.3125,
          ],
          "type": "lineTo",
        },
        {
          "props": {
            "x": 328,
            "y": 303,
          },
          "transform": [
            0.078125,
            0,
            0,
            -0.078125,
            10,
            80.3125,
          ],
          "type": "lineTo",
        },
        {
          "props": {
            "x": 271,
            "y": 244,
          },
          "transform": [
            0.078125,
            0,
            0,
            -0.078125,
            10,
            80.3125,
          ],
          "type": "lineTo",
        },
        {
          "props": {
            "x": 144,
            "y": 139,
          },
          "transform": [
            0.078125,
            0,
            0,
            -0.078125,
            10,
            80.3125,
          ],
          "type": "lineTo",
        },
        {
          "props": {
            "x": 72,
            "y": 95,
          },
          "transform": [
            0.078125,
            0,
            0,
            -0.078125,
            10,
            80.3125,
          ],
          "type": "lineTo",
        },
      ],
    },
    "transform": [
      0.078125,
      0,
      0,
      -0.078125,
      10,
      80.3125,
    ],
    "type": "stroke",
  },
  {
    "props": {},
    "transform": [
      0.078125,
      0,
      0,
      -0.078125,
      10,
      80.3125,
    ],
    "type": "restore",
  },
  {
    "props": {},
    "transform": [
      0.078125,
      0,
      0,
      -0.078125,
      10,
      80.3125,
    ],
    "type": "save",
  },
  {
    "props": {
      "fillRule": "nonzero",
      "path": [],
    },
    "transform": [
      0.078125,
      0,
      0,
      -0.078125,
      10,
      80.3125,
    ],
    "type": "clip",
  },
  {
    "props": {
      "value": 0.7,
    },
    "transform": [
      0.078125,
      0,
      0,
      -0.078125,
      10,
      80.3125,
    ],
    "type": "globalAlpha",
  },
  {
    "props": {
      "value": "rgba(255, 100, 10, 0.9)",
    },
    "transform": [
      0.078125,
      0,
      0,
      -0.078125,
      10,
      80.3125,
    ],
    "type": "strokeStyle",
  },
  {
    "props": {
      "value": "rgba(255, 100, 10, 0.9)",
    },
    "transform": [
      0.078125,
      0,
      0,
      -0.078125,
      10,
      80.3125,
    ],
    "type": "fillStyle",
  },
  {
    "props": {
      "value": 200,
    },
    "transform": [
      0.078125,
      0,
      0,
      -0.078125,
      10,
      80.3125,
    ],
    "type": "lineWidth",
  },
  {
    "props": {
      "value": "round",
    },
    "transform": [
      0.078125,
      0,
      0,
      -0.078125,
      10,
      80.3125,
    ],
    "type": "lineCap",
  },
  {
    "props": {
      "value": "round",
    },
    "transform": [
      0.078125,
      0,
      0,
      -0.078125,
      10,
      80.3125,
    ],
    "type": "lineJoin",
  },
  {
    "props": {
      "segments": [
        779.7155627376544,
        779.7155627376544,
      ],
    },
    "transform": [
      0.078125,
      0,
      0,
      -0.078125,
      10,
      80.3125,
    ],
    "type": "setLineDash",
  },
  {
    "props": {
      "value": 0,
    },
    "transform": [
      0.078125,
      0,
      0,
      -0.078125,
      10,
      80.3125,
    ],
    "type": "lineDashOffset",
  },
  {
    "props": {},
    "transform": [
      0.078125,
      0,
      0,
      -0.078125,
      10,
      80.3125,
    ],
    "type": "beginPath",
  },
  {
    "props": {
      "x": 457.56010126946427,
      "y": 575.6393923832144,
    },
    "transform": [
      0.078125,
      0,
      0,
      -0.078125,
      10,
      80.3125,
    ],
    "type": "moveTo",
  },
  {
    "props": {
      "x": 477,
      "y": 459,
    },
    "transform": [
      0.078125,
      0,
      0,
      -0.078125,
      10,
      80.3125,
    ],
    "type": "lineTo",
  },
  {
    "props": {
      "x": 490,
      "y": 439,
    },
    "transform": [
      0.078125,
      0,
      0,
      -0.078125,
      10,
      80.3125,
    ],
    "type": "lineTo",
  },
  {
    "props": {
      "x": 571,
      "y": 333,
    },
    "transform": [
      0.078125,
      0,
      0,
      -0.078125,
      10,
      80.3125,
    ],
    "type": "lineTo",
  },
  {
    "props": {
      "x": 691,
      "y": 200,
    },
    "transform": [
      0.078125,
      0,
      0,
      -0.078125,
      10,
      80.3125,
    ],
    "type": "lineTo",
  },
  {
    "props": {
      "x": 753,
      "y": 145,
    },
    "transform": [
      0.078125,
      0,
      0,
      -0.078125,
      10,
      80.3125,
    ],
    "type": "lineTo",
  },
  {
    "props": {
      "x": 798,
      "y": 119,
    },
    "transform": [
      0.078125,
      0,
      0,
      -0.078125,
      10,
      80.3125,
    ],
    "type": "lineTo",
  },
  {
    "props": {
      "x": 986,
      "y": 90,
    },
    "transform": [
      0.078125,
      0,
      0,
      -0.078125,
      10,
      80.3125,
    ],
    "type": "lineTo",
  },
  {
    "props": {
      "path": [
        {
          "props": {},
          "transform": [
            0.078125,
            0,
            0,
            -0.078125,
            10,
            80.3125,
          ],
          "type": "beginPath",
        },
        {
          "props": {
            "x": 457.56010126946427,
            "y": 575.6393923832144,
          },
          "transform": [
            0.078125,
            0,
            0,
            -0.078125,
            10,
            80.3125,
          ],
          "type": "moveTo",
        },
        {
          "props": {
            "x": 477,
            "y": 459,
          },
          "transform": [
            0.078125,
            0,
            0,
            -0.078125,
            10,
            80.3125,
          ],
          "type": "lineTo",
        },
        {
          "props": {
            "x": 490,
            "y": 439,
          },
          "transform": [
            0.078125,
            0,
            0,
            -0.078125,
            10,
            80.3125,
          ],
          "type": "lineTo",
        },
        {
          "props": {
            "x": 571,
            "y": 333,
          },
          "transform": [
            0.078125,
            0,
            0,
            -0.078125,
            10,
            80.3125,
          ],
          "type": "lineTo",
        },
        {
          "props": {
            "x": 691,
            "y": 200,
          },
          "transform": [
            0.078125,
            0,
            0,
            -0.078125,
            10,
            80.3125,
          ],
          "type": "lineTo",
        },
        {
          "props": {
            "x": 753,
            "y": 145,
          },
          "transform": [
            0.078125,
            0,
            0,
            -0.078125,
            10,
            80.3125,
          ],
          "type": "lineTo",
        },
        {
          "props": {
            "x": 798,
            "y": 119,
          },
          "transform": [
            0.078125,
            0,
            0,
            -0.078125,
            10,
            80.3125,
          ],
          "type": "lineTo",
        },
        {
          "props": {
            "x": 986,
            "y": 90,
          },
          "transform": [
            0.078125,
            0,
            0,
            -0.078125,
            10,
            80.3125,
          ],
          "type": "lineTo",
        },
      ],
    },
    "transform": [
      0.078125,
      0,
      0,
      -0.078125,
      10,
      80.3125,
    ],
    "type": "stroke",
  },
  {
    "props": {},
    "transform": [
      0.078125,
      0,
      0,
      -0.078125,
      10,
      80.3125,
    ],
    "type": "restore",
  },
  {
    "props": {},
    "transform": [
      0.078125,
      0,
      0,
      -0.078125,
      10,
      80.3125,
    ],
    "type": "save",
  },
  {
    "props": {
      "fillRule": "nonzero",
      "path": [],
    },
    "transform": [
      0.078125,
      0,
      0,
      -0.078125,
      10,
      80.3125,
    ],
    "type": "clip",
  },
  {
    "props": {
      "value": 0.7,
    },
    "transform": [
      0.078125,
      0,
      0,
      -0.078125,
      10,
      80.3125,
    ],
    "type": "globalAlpha",
  },
  {
    "props": {
      "value": "#0000ff",
    },
    "transform": [
      0.078125,
      0,
      0,
      -0.078125,
      10,
      80.3125,
    ],
    "type": "strokeStyle",
  },
  {
    "props": {
      "value": "#0000ff",
    },
    "transform": [
      0.078125,
      0,
      0,
      -0.078125,
      10,
      80.3125,
    ],
    "type": "fillStyle",
  },
  {
    "props": {
      "value": 200,
    },
    "transform": [
      0.078125,
      0,
      0,
      -0.078125,
      10,
      80.3125,
    ],
    "type": "lineWidth",
  },
  {
    "props": {
      "value": "round",
    },
    "transform": [
      0.078125,
      0,
      0,
      -0.078125,
      10,
      80.3125,
    ],
    "type": "lineCap",
  },
  {
    "props": {
      "value": "round",
    },
    "transform": [
      0.078125,
      0,
      0,
      -0.078125,
      10,
      80.3125,
    ],
    "type": "lineJoin",
  },
  {
    "props": {
      "segments": [
        918.3825419953906,
        918.3825419953906,
      ],
    },
    "transform": [
      0.078125,
      0,
      0,
      -0.078125,
      10,
      80.3125,
    ],
    "type": "setLineDash",
  },
  {
    "props": {
      "value": 0,
    },
    "transform": [
      0.078125,
      0,
      0,
      -0.078125,
      10,
      80.3125,
    ],
    "type": "lineDashOffset",
  },
  {
    "props": {},
    "transform": [
      0.078125,
      0,
      0,
      -0.078125,
      10,
      80.3125,
    ],
    "type": "beginPath",
  },
  {
    "props": {
      "x": 423.7609549522482,
      "y": 816.5651012649424,
    },
    "transform": [
      0.078125,
      0,
      0,
      -0.078125,
      10,
      80.3125,
    ],
    "type": "moveTo",
  },
  {
    "props": {
      "x": 508,
      "y": 702,
    },
    "transform": [
      0.078125,
      0,
      0,
      -0.078125,
      10,
      80.3125,
    ],
    "type": "lineTo",
  },
  {
    "props": {
      "x": 511,
      "y": 678,
    },
    "transform": [
      0.078125,
      0,
      0,
      -0.078125,
      10,
      80.3125,
    ],
    "type": "lineTo",
  },
  {
    "props": {
      "x": 473,
      "y": 552,
    },
    "transform": [
      0.078125,
      0,
      0,
      -0.078125,
      10,
      80.3125,
    ],
    "type": "lineTo",
  },
  {
    "props": {
      "x": 408,
      "y": 416,
    },
    "transform": [
      0.078125,
      0,
      0,
      -0.078125,
      10,
      80.3125,
    ],
    "type": "lineTo",
  },
  {
    "props": {
      "x": 328,
      "y": 303,
    },
    "transform": [
      0.078125,
      0,
      0,
      -0.078125,
      10,
      80.3125,
    ],
    "type": "lineTo",
  },
  {
    "props": {
      "x": 271,
      "y": 244,
    },
    "transform": [
      0.078125,
      0,
      0,
      -0.078125,
      10,
      80.3125,
    ],
    "type": "lineTo",
  },
  {
    "props": {
      "x": 144,
      "y": 139,
    },
    "transform": [
      0.078125,
      0,
      0,
      -0.078125,
      10,
      80.3125,
    ],
    "type": "lineTo",
  },
  {
    "props": {
      "x": 72,
      "y": 95,
    },
    "transform": [
      0.078125,
      0,
      0,
      -0.078125,
      10,
      80.3125,
    ],
    "type": "lineTo",
  },
  {
    "props": {
      "path": [
        {
          "props": {},
          "transform": [
            0.078125,
            0,
            0,
            -0.078125,
            10,
            80.3125,
          ],
          "type": "beginPath",
        },
        {
          "props": {
            "x": 423.7609549522482,
            "y": 816.5651012649424,
          },
          "transform": [
            0.078125,
            0,
            0,
            -0.078125,
            10,
            80.3125,
          ],
          "type": "moveTo",
        },
        {
          "props": {
            "x": 508,
            "y": 702,
          },
          "transform": [
            0.078125,
            0,
            0,
            -0.078125,
            10,
            80.3125,
          ],
          "type": "lineTo",
        },
        {
          "props": {
            "x": 511,
            "y": 678,
          },
          "transform": [
            0.078125,
            0,
            0,
            -0.078125,
            10,
            80.3125,
          ],
          "type": "lineTo",
        },
        {
          "props": {
            "x": 473,
            "y": 552,
          },
          "transform": [
            0.078125,
            0,
            0,
            -0.078125,
            10,
            80.3125,
          ],
          "type": "lineTo",
        },
        {
          "props": {
            "x": 408,
            "y": 416,
          },
          "transform": [
            0.078125,
            0,
            0,
            -0.078125,
            10,
            80.3125,
          ],
          "type": "lineTo",
        },
        {
          "props": {
            "x": 328,
            "y": 303,
          },
          "transform": [
            0.078125,
            0,
            0,
            -0.078125,
            10,
            80.3125,
          ],
          "type": "lineTo",
        },
        {
          "props": {
            "x": 271,
            "y": 244,
          },
          "transform": [
            0.078125,
            0,
            0,
            -0.078125,
            10,
            80.3125,
          ],
          "type": "lineTo",
        },
        {
          "props": {
            "x": 144,
            "y": 139,
          },
          "transform": [
            0.078125,
            0,
            0,
            -0.078125,
            10,
            80.3125,
          ],
          "type": "lineTo",
        },
        {
          "props": {
            "x": 72,
            "y": 95,
          },
          "transform": [
            0.078125,
            0,
            0,
            -0.078125,
            10,
            80.3125,
          ],
          "type": "lineTo",
        },
      ],
    },
    "transform": [
      0.078125,
      0,
      0,
      -0.078125,
      10,
      80.3125,
    ],
    "type": "stroke",
  },
  {
    "props": {},
    "transform": [
      0.078125,
      0,
      0,
      -0.078125,
      10,
      80.3125,
    ],
    "type": "restore",
  },
  {
    "props": {},
    "transform": [
      0.078125,
      0,
      0,
      -0.078125,
      10,
      80.3125,
    ],
    "type": "save",
  },
  {
    "props": {
      "fillRule": "nonzero",
      "path": [],
    },
    "transform": [
      0.078125,
      0,
      0,
      -0.078125,
      10,
      80.3125,
    ],
    "type": "clip",
  },
  {
    "props": {
      "value": 0.7,
    },
    "transform": [
      0.078125,
      0,
      0,
      -0.078125,
      10,
      80.3125,
    ],
    "type": "globalAlpha",
  },
  {
    "props": {
      "value": "#0000ff",
    },
    "transform": [
      0.078125,
      0,
      0,
      -0.078125,
      10,
      80.3125,
    ],
    "type": "strokeStyle",
  },
  {
    "props": {
      "value": "#0000ff",
    },
    "transform": [
      0.078125,
      0,
      0,
      -0.078125,
      10,
      80.3125,
    ],
    "type": "fillStyle",
  },
  {
    "props": {
      "value": 200,
    },
    "transform": [
      0.078125,
      0,
      0,
      -0.078125,
      10,
      80.3125,
    ],
    "type": "lineWidth",
  },
  {
    "props": {
      "value": "round",
    },
    "transform": [
      0.078125,
      0,
      0,
      -0.078125,
      10,
      80.3125,
    ],
    "type": "lineCap",
  },
  {
    "props": {
      "value": "round",
    },
    "transform": [
      0.078125,
      0,
      0,
      -0.078125,
      10,
      80.3125,
    ],
    "type": "lineJoin",
  },
  {
    "props": {
      "segments": [
        779.7155627376544,
        779.7155627376544,
      ],
    },
    "transform": [
      0.078125,
      0,
      0,
      -0.078125,
      10,
      80.3125,
    ],
    "type": "setLineDash",
  },
  {
    "props": {
      "value": 0,
    },
    "transform": [
      0.078125,
      0,
      0,
      -0.078125,
      10,
      80.3125,
    ],
    "type": "lineDashOffset",
  },
  {
    "props": {},
    "transform": [
      0.078125,
      0,
      0,
      -0.078125,
      10,
      80.3125,
    ],
    "type": "beginPath",
  },
  {
    "props": {
      "x": 457.56010126946427,
      "y": 575.6393923832144,
    },
    "transform": [
      0.078125,
      0,
      0,
      -0.078125,
      10,
      80.3125,
    ],
    "type": "moveTo",
  },
  {
    "props": {
      "x": 477,
      "y": 459,
    },
    "transform": [
      0.078125,
      0,
      0,
      -0.078125,
      10,
      80.3125,
    ],
    "type": "lineTo",
  },
  {
    "props": {
      "x": 490,
      "y": 439,
    },
    "transform": [
      0.078125,
      0,
      0,
      -0.078125,
      10,
      80.3125,
    ],
    "type": "lineTo",
  },
  {
    "props": {
      "x": 571,
      "y": 333,
    },
    "transform": [
      0.078125,
      0,
      0,
      -0.078125,
      10,
      80.3125,
    ],
    "type": "lineTo",
  },
  {
    "props": {
      "x": 691,
      "y": 200,
    },
    "transform": [
      0.078125,
      0,
      0,
      -0.078125,
      10,
      80.3125,
    ],
    "type": "lineTo",
  },
  {
    "props": {
      "x": 753,
      "y": 145,
    },
    "transform": [
      0.078125,
      0,
      0,
      -0.078125,
      10,
      80.3125,
    ],
    "type": "lineTo",
  },
  {
    "props": {
      "x": 798,
      "y": 119,
    },
    "transform": [
      0.078125,
      0,
      0,
      -0.078125,
      10,
      80.3125,
    ],
    "type": "lineTo",
  },
  {
    "props": {
      "x": 986,
      "y": 90,
    },
    "transform": [
      0.078125,
      0,
      0,
      -0.078125,
      10,
      80.3125,
    ],
    "type": "lineTo",
  },
  {
    "props": {
      "path": [
        {
          "props": {},
          "transform": [
            0.078125,
            0,
            0,
            -0.078125,
            10,
            80.3125,
          ],
          "type": "beginPath",
        },
        {
          "props": {
            "x": 457.56010126946427,
            "y": 575.6393923832144,
          },
          "transform": [
            0.078125,
            0,
            0,
            -0.078125,
            10,
            80.3125,
          ],
          "type": "moveTo",
        },
        {
          "props": {
            "x": 477,
            "y": 459,
          },
          "transform": [
            0.078125,
            0,
            0,
            -0.078125,
            10,
            80.3125,
          ],
          "type": "lineTo",
        },
        {
          "props": {
            "x": 490,
            "y": 439,
          },
          "transform": [
            0.078125,
            0,
            0,
            -0.078125,
            10,
            80.3125,
          ],
          "type": "lineTo",
        },
        {
          "props": {
            "x": 571,
            "y": 333,
          },
          "transform": [
            0.078125,
            0,
            0,
            -0.078125,
            10,
            80.3125,
          ],
          "type": "lineTo",
        },
        {
          "props": {
            "x": 691,
            "y": 200,
          },
          "transform": [
            0.078125,
            0,
            0,
            -0.078125,
            10,
            80.3125,
          ],
          "type": "lineTo",
        },
        {
          "props": {
            "x": 753,
            "y": 145,
          },
          "transform": [
            0.078125,
            0,
            0,
            -0.078125,
            10,
            80.3125,
          ],
          "type": "lineTo",
        },
        {
          "props": {
            "x": 798,
            "y": 119,
          },
          "transform": [
            0.078125,
            0,
            0,
            -0.078125,
            10,
            80.3125,
          ],
          "type": "lineTo",
        },
        {
          "props": {
            "x": 986,
            "y": 90,
          },
          "transform": [
            0.078125,
            0,
            0,
            -0.078125,
            10,
            80.3125,
          ],
          "type": "lineTo",
        },
      ],
    },
    "transform": [
      0.078125,
      0,
      0,
      -0.078125,
      10,
      80.3125,
    ],
    "type": "stroke",
  },
  {
    "props": {},
    "transform": [
      0.078125,
      0,
      0,
      -0.078125,
      10,
      80.3125,
    ],
    "type": "restore",
  },
  {
    "props": {},
    "transform": [
      0.078125,
      0,
      0,
      -0.078125,
      10,
      80.3125,
    ],
    "type": "save",
  },
  {
    "props": {
      "value": 0.9,
    },
    "transform": [
      0.078125,
      0,
      0,
      -0.078125,
      10,
      80.3125,
    ],
    "type": "globalAlpha",
  },
  {
    "props": {
      "value": 4,
    },
    "transform": [
      0.078125,
      0,
      0,
      -0.078125,
      10,
      80.3125,
    ],
    "type": "lineWidth",
  },
  {
    "props": {
      "value": "rgba(255, 255, 0, 0.1)",
    },
    "transform": [
      0.078125,
      0,
      0,
      -0.078125,
      10,
      80.3125,
    ],
    "type": "strokeStyle",
  },
  {
    "props": {
      "value": "round",
    },
    "transform": [
      0.078125,
      0,
      0,
      -0.078125,
      10,
      80.3125,
    ],
    "type": "lineCap",
  },
  {
    "props": {
      "value": "round",
    },
    "transform": [
      0.078125,
      0,
      0,
      -0.078125,
      10,
      80.3125,
    ],
    "type": "lineJoin",
  },
  {
    "props": {},
    "transform": [
      0.078125,
      0,
      0,
      -0.078125,
      10,
      80.3125,
    ],
    "type": "beginPath",
  },
  {
    "props": {
      "x": 0,
      "y": 0,
    },
    "transform": [
      0.078125,
      0,
      0,
      -0.078125,
      10,
      80.3125,
    ],
    "type": "moveTo",
  },
  {
    "props": {
      "x": 1,
      "y": 3,
    },
    "transform": [
      0.078125,
      0,
      0,
      -0.078125,
      10,
      80.3125,
    ],
    "type": "lineTo",
  },
  {
    "props": {
      "path": [
        {
          "props": {},
          "transform": [
            0.078125,
            0,
            0,
            -0.078125,
            10,
            80.3125,
          ],
          "type": "beginPath",
        },
        {
          "props": {
            "x": 0,
            "y": 0,
          },
          "transform": [
            0.078125,
            0,
            0,
            -0.078125,
            10,
            80.3125,
          ],
          "type": "moveTo",
        },
        {
          "props": {
            "x": 1,
            "y": 3,
          },
          "transform": [
            0.078125,
            0,
            0,
            -0.078125,
            10,
            80.3125,
          ],
          "type": "lineTo",
        },
      ],
    },
    "transform": [
      0.078125,
      0,
      0,
      -0.078125,
      10,
      80.3125,
    ],
    "type": "stroke",
  },
  {
    "props": {},
    "transform": [
      0.078125,
      0,
      0,
      -0.078125,
      10,
      80.3125,
    ],
    "type": "restore",
  },
  {
    "props": {},
    "transform": [
      1,
      0,
      0,
      1,
      0,
      0,
    ],
    "type": "restore",
  },
]
`;
